Archive member included to satisfy reference by file (symbol)

app/libapp.a(main.c.obj)      (--whole-archive)
zephyr/libzephyr.a(isr_tables.c.obj)
                              (--whole-archive)
zephyr/libzephyr.a(sw_isr_common.c.obj)
                              (--whole-archive)
zephyr/libzephyr.a(thread_entry.c.obj)
                              (--whole-archive)
zephyr/libzephyr.a(work_q.c.obj)
                              (--whole-archive)
zephyr/libzephyr.a(fdtable.c.obj)
                              (--whole-archive)
zephyr/libzephyr.a(crc32_sw.c.obj)
                              (--whole-archive)
zephyr/libzephyr.a(crc16_sw.c.obj)
                              (--whole-archive)
zephyr/libzephyr.a(crc8_sw.c.obj)
                              (--whole-archive)
zephyr/libzephyr.a(mempool.c.obj)
                              (--whole-archive)
zephyr/libzephyr.a(rb.c.obj)  (--whole-archive)
zephyr/libzephyr.a(printk.c.obj)
                              (--whole-archive)
zephyr/libzephyr.a(configs.c.obj)
                              (--whole-archive)
zephyr/libzephyr.a(soc.c.obj)
                              (--whole-archive)
zephyr/libzephyr.a(soc_gpio.c.obj)
                              (--whole-archive)
zephyr/libzephyr.a(arm_mpu_regions.c.obj)
                              (--whole-archive)
zephyr/libzephyr.a(stm32cube_hal.c.obj)
                              (--whole-archive)
zephyr/libzephyr.a(system_stm32l4xx.c.obj)
                              (--whole-archive)
zephyr/libzephyr.a(stm32l4xx_hal.c.obj)
                              (--whole-archive)
zephyr/libzephyr.a(stm32l4xx_hal_rcc.c.obj)
                              (--whole-archive)
zephyr/libzephyr.a(stm32l4xx_ll_exti.c.obj)
                              (--whole-archive)
zephyr/libzephyr.a(stm32l4xx_ll_pwr.c.obj)
                              (--whole-archive)
zephyr/libzephyr.a(stm32l4xx_ll_rcc.c.obj)
                              (--whole-archive)
zephyr/libzephyr.a(stm32l4xx_ll_rtc.c.obj)
                              (--whole-archive)
zephyr/libzephyr.a(stm32l4xx_ll_utils.c.obj)
                              (--whole-archive)
zephyr/libzephyr.a(sys_log.c.obj)
                              (--whole-archive)
zephyr/libzephyr.a(uart_console.c.obj)
                              (--whole-archive)
zephyr/libzephyr.a(exti_stm32.c.obj)
                              (--whole-archive)
zephyr/libzephyr.a(stm32_ll_clock.c.obj)
                              (--whole-archive)
zephyr/libzephyr.a(stm32l4x_ll_clock.c.obj)
                              (--whole-archive)
zephyr/libzephyr.a(pinmux_stm32.c.obj)
                              (--whole-archive)
zephyr/libzephyr.a(sys_clock_init.c.obj)
                              (--whole-archive)
zephyr/libzephyr.a(cortex_m_systick.c.obj)
                              (--whole-archive)
zephyr/arch/arm/core/libarch__arm__core.a(exc_exit.S.obj)
                              (--whole-archive)
zephyr/arch/arm/core/libarch__arm__core.a(irq_init.c.obj)
                              (--whole-archive)
zephyr/arch/arm/core/libarch__arm__core.a(swap.c.obj)
                              (--whole-archive)
zephyr/arch/arm/core/libarch__arm__core.a(swap_helper.S.obj)
                              (--whole-archive)
zephyr/arch/arm/core/libarch__arm__core.a(fault.c.obj)
                              (--whole-archive)
zephyr/arch/arm/core/libarch__arm__core.a(irq_manage.c.obj)
                              (--whole-archive)
zephyr/arch/arm/core/libarch__arm__core.a(thread.c.obj)
                              (--whole-archive)
zephyr/arch/arm/core/libarch__arm__core.a(cpu_idle.S.obj)
                              (--whole-archive)
zephyr/arch/arm/core/libarch__arm__core.a(fault_s.S.obj)
                              (--whole-archive)
zephyr/arch/arm/core/libarch__arm__core.a(fatal.c.obj)
                              (--whole-archive)
zephyr/arch/arm/core/libarch__arm__core.a(sys_fatal_error_handler.c.obj)
                              (--whole-archive)
zephyr/arch/arm/core/libarch__arm__core.a(thread_abort.c.obj)
                              (--whole-archive)
zephyr/arch/arm/core/libarch__arm__core.a(isr_wrapper.S.obj)
                              (--whole-archive)
zephyr/arch/arm/core/cortex_m/libarch__arm__core__cortex_m.a(vector_table.S.obj)
                              (--whole-archive)
zephyr/arch/arm/core/cortex_m/libarch__arm__core__cortex_m.a(reset.S.obj)
                              (--whole-archive)
zephyr/arch/arm/core/cortex_m/libarch__arm__core__cortex_m.a(nmi_on_reset.S.obj)
                              (--whole-archive)
zephyr/arch/arm/core/cortex_m/libarch__arm__core__cortex_m.a(prep_c.c.obj)
                              (--whole-archive)
zephyr/arch/arm/core/cortex_m/libarch__arm__core__cortex_m.a(scb.c.obj)
                              (--whole-archive)
zephyr/arch/arm/core/cortex_m/libarch__arm__core__cortex_m.a(nmi.c.obj)
                              (--whole-archive)
[...]
Memory Configuration

Name             Origin             Length             Attributes
FLASH            0x0000000008000000 0x0000000000200000 xr
SRAM             0x0000000020000000 0x00000000000a0000 xw
IDT_LIST         0x00000000200a0000 0x0000000000000800 xw
*default*        0x0000000000000000 0xffffffffffffffff

Linker script and memory map

LOAD zephyr/CMakeFiles/kernel_elf.dir/misc/empty_file.c.obj
LOAD zephyr/CMakeFiles/kernel_elf.dir/isr_tables.c.obj
LOAD app/libapp.a
LOAD zephyr/libzephyr.a
LOAD zephyr/arch/arm/core/libarch__arm__core.a
LOAD zephyr/arch/arm/core/cortex_m/libarch__arm__core__cortex_m.a
LOAD zephyr/arch/arm/core/cortex_m/mpu/libarch__arm__core__cortex_m__mpu.a
LOAD zephyr/lib/libc/newlib/liblib__libc__newlib.a
LOAD zephyr/boards/arm/nucleo_l4r5zi/libboards__arm__nucleo_l4r5zi.a
LOAD zephyr/drivers/gpio/libdrivers__gpio.a
LOAD zephyr/drivers/rtc/libdrivers__rtc.a
LOAD zephyr/drivers/serial/libdrivers__serial.a
LOAD zephyr/kernel/libkernel.a
LOAD zephyr/CMakeFiles/offsets.dir/arch/arm/core/offsets/offsets.c.obj
LOAD /opt/zephyr-sdk/sysroots/armv5-zephyr-eabi/usr/lib/arm-zephyr-eabi/6.2.0/armv7e-m/libgcc.a
LOAD /opt/zephyr-sdk/sysroots/armv5-zephyr-eabi/usr/lib/armv7e-m/libm.a
LOAD /opt/zephyr-sdk/sysroots/armv5-zephyr-eabi/usr/lib/armv7e-m/libc.a
LOAD /opt/zephyr-sdk/sysroots/armv5-zephyr-eabi/usr/lib/arm-zephyr-eabi/6.2.0/armv7e-m/libgcc.a
                0x0000000000000020                _region_min_align = 0x20

.rel.plt        0x0000000008000000        0x0
 *(.rel.plt)
                [!provide]                        PROVIDE (__rel_iplt_start, .)
 *(.rel.iplt)
 .rel.iplt      0x0000000008000000        0x0 zephyr/CMakeFiles/kernel_elf.dir/isr_tables.c.obj
                [!provide]                        PROVIDE (__rel_iplt_end, .)

.rela.plt       0x0000000000000000        0x0
 *(.rela.plt)
                [!provide]                        PROVIDE (__rela_iplt_start, .)
 *(.rela.iplt)
                [!provide]                        PROVIDE (__rela_iplt_end, .)

.rel.dyn
 *(.rel.*)

.rela.dyn
 *(.rela.*)

.plt
 *(.plt)

.iplt           0x0000000008000000        0x0
 *(.iplt)
 .iplt          0x0000000008000000        0x0 zephyr/CMakeFiles/kernel_elf.dir/isr_tables.c.obj
                0x0000000008000000                _image_rom_start = 0x8000000

text            0x0000000008000000      0x1bc
                0x0000000000000000                . = 0x0
                0x0000000000000000                _vector_start = .
 *(.exc_vector_table)
 *(.exc_vector_table.*)
 .exc_vector_table._vector_table_section
                0x0000000008000000       0x40 zephyr/arch/arm/core/cortex_m/libarch__arm__core__cortex_m.a(vector_table.S.obj)
                0x0000000008000000                _vector_table
 *(.gnu.linkonce.irq_vector_table)
 .gnu.linkonce.irq_vector_table
                0x0000000008000040      0x17c zephyr/CMakeFiles/kernel_elf.dir/isr_tables.c.obj
                0x0000000008000040                _irq_vector_table
 *(.vectors)
 *(.openocd_dbg)
 *(.openocd_dbg.*)
 *(.kinetis_flash_config)
 *(.kinetis_flash_config.*)
                0x00000000080001bc                _vector_end = .

_TEXT_SECTION_NAME_2
                0x00000000080001c0     0x5936
                0x00000000080001c0                _image_text_start = .
 *(.text)
 .text          0x00000000080001c0       0x30 /opt/zephyr-sdk/sysroots/armv5-zephyr-eabi/usr/lib/arm-zephyr-eabi/6.2.0/armv7e-m/libgcc.a(_aeabi_uldivmod.o)
                0x00000000080001c0                __aeabi_uldivmod
 .text          0x00000000080001f0      0x2dc /opt/zephyr-sdk/sysroots/armv5-zephyr-eabi/usr/lib/arm-zephyr-eabi/6.2.0/armv7e-m/libgcc.a(_udivmoddi4.o)
                0x00000000080001f0                __udivmoddi4
 .text          0x00000000080004cc        0x4 /opt/zephyr-sdk/sysroots/armv5-zephyr-eabi/usr/lib/arm-zephyr-eabi/6.2.0/armv7e-m/libgcc.a(_dvmd_tls.o)
                0x00000000080004cc                __aeabi_ldiv0
                0x00000000080004cc                __aeabi_idiv0
 .text          0x00000000080004d0      0x1d4 /opt/zephyr-sdk/sysroots/armv5-zephyr-eabi/usr/lib/armv7e-m/libc.a(lib_a-gmtime_r.o)
                0x00000000080004d0                gmtime_r
 .text          0x00000000080006a4      0x134 /opt/zephyr-sdk/sysroots/armv5-zephyr-eabi/usr/lib/armv7e-m/libc.a(lib_a-memcpy.o)
                0x00000000080006a4                memcpy
 .text          0x00000000080007d8       0x9c /opt/zephyr-sdk/sysroots/armv5-zephyr-eabi/usr/lib/armv7e-m/libc.a(lib_a-memset.o)
                0x00000000080007d8                memset
 .text          0x0000000008000874      0x5e8 /opt/zephyr-sdk/sysroots/armv5-zephyr-eabi/usr/lib/armv7e-m/libc.a(lib_a-mktime.o)
                0x0000000008000a7c                mktime
 *fill*         0x0000000008000e5c        0x4 
 .text          0x0000000008000e60      0x2dc /opt/zephyr-sdk/sysroots/armv5-zephyr-eabi/usr/lib/armv7e-m/libc.a(lib_a-strcmp.o)
                0x0000000008000e68                strcmp
 *fill*         0x000000000800113c        0x4 
 .text          0x0000000008001140       0xdc /opt/zephyr-sdk/sysroots/armv5-zephyr-eabi/usr/lib/armv7e-m/libc.a(lib_a-strlen.o)
                0x0000000008001140                strlen
 .text          0x000000000800121c      0x184 /opt/zephyr-sdk/sysroots/armv5-zephyr-eabi/usr/lib/armv7e-m/libc.a(lib_a-tzcalc_limits.o)
                0x000000000800121c                __tzcalc_limits
 .text          0x00000000080013a0        0x8 /opt/zephyr-sdk/sysroots/armv5-zephyr-eabi/usr/lib/armv7e-m/libc.a(lib_a-tzlock.o)
                0x00000000080013a0                __tz_lock
                0x00000000080013a4                __tz_unlock
 .text          0x00000000080013a8       0x28 /opt/zephyr-sdk/sysroots/armv5-zephyr-eabi/usr/lib/armv7e-m/libc.a(lib_a-tzset.o)
                0x00000000080013a8                _tzset_unlocked
                0x00000000080013b4                tzset
 .text          0x00000000080013d0      0x344 /opt/zephyr-sdk/sysroots/armv5-zephyr-eabi/usr/lib/armv7e-m/libc.a(lib_a-tzset_r.o)
                0x00000000080013d0                _tzset_unlocked_r
                0x00000000080016fc                _tzset_r
 .text          0x0000000008001714       0x38 /opt/zephyr-sdk/sysroots/armv5-zephyr-eabi/usr/lib/armv7e-m/libc.a(lib_a-div.o)
                0x0000000008001714                div
 .text          0x000000000800174c       0x8c /opt/zephyr-sdk/sysroots/armv5-zephyr-eabi/usr/lib/armv7e-m/libc.a(lib_a-getenv_r.o)
                0x000000000800174c                _findenv_r
                0x00000000080017c8                _getenv_r
 .text          0x00000000080017d8        0x8 /opt/zephyr-sdk/sysroots/armv5-zephyr-eabi/usr/lib/armv7e-m/libc.a(lib_a-gettzinfo.o)
                0x00000000080017d8                __gettzinfo
 .text          0x00000000080017e0       0x20 /opt/zephyr-sdk/sysroots/armv5-zephyr-eabi/usr/lib/armv7e-m/libc.a(lib_a-malloc.o)
                0x00000000080017e0                malloc
                0x00000000080017f0                free
 .text          0x0000000008001800       0x90 /opt/zephyr-sdk/sysroots/armv5-zephyr-eabi/usr/lib/armv7e-m/libc.a(lib_a-nano-freer.o)
                0x0000000008001800                _free_r
 .text          0x0000000008001890       0xbc /opt/zephyr-sdk/sysroots/armv5-zephyr-eabi/usr/lib/armv7e-m/libc.a(lib_a-nano-mallocr.o)
                0x0000000008001890                _malloc_r
 .text          0x000000000800194c       0x24 /opt/zephyr-sdk/sysroots/armv5-zephyr-eabi/usr/lib/armv7e-m/libc.a(lib_a-sbrkr.o)
                0x000000000800194c                _sbrk_r
 .text          0x0000000008001970       0xac /opt/zephyr-sdk/sysroots/armv5-zephyr-eabi/usr/lib/armv7e-m/libc.a(lib_a-sscanf.o)
                0x0000000008001970                sscanf
                0x0000000008001970                siscanf
                0x00000000080019c8                _siscanf_r
                0x00000000080019c8                _sscanf_r
 .text          0x0000000008001a1c       0x8c /opt/zephyr-sdk/sysroots/armv5-zephyr-eabi/usr/lib/armv7e-m/libc.a(lib_a-stdio.o)
                0x0000000008001a1c                __sread
                0x0000000008001a40                __seofread
                0x0000000008001a44                __swrite
                0x0000000008001a80                __sseek
                0x0000000008001aa0                __sclose
 .text          0x0000000008001aa8       0xbc /opt/zephyr-sdk/sysroots/armv5-zephyr-eabi/usr/lib/armv7e-m/libc.a(lib_a-strcpy.o)
                0x0000000008001aa8                strcpy
 .text          0x0000000008001b64       0xa4 /opt/zephyr-sdk/sysroots/armv5-zephyr-eabi/usr/lib/armv7e-m/libc.a(lib_a-strncmp.o)
                0x0000000008001b64                strncmp
 .text          0x0000000008001c08      0x14c /opt/zephyr-sdk/sysroots/armv5-zephyr-eabi/usr/lib/armv7e-m/libc.a(lib_a-strtoul.o)
                0x0000000008001c08                _strtoul_r
                0x0000000008001d3c                strtoul
 .text          0x0000000008001d54       0x2c /opt/zephyr-sdk/sysroots/armv5-zephyr-eabi/usr/lib/armv7e-m/libc.a(lib_a-writer.o)
                0x0000000008001d54                _write_r
 .text          0x0000000008001d80       0x24 /opt/zephyr-sdk/sysroots/armv5-zephyr-eabi/usr/lib/armv7e-m/libc.a(lib_a-closer.o)
                0x0000000008001d80                _close_r
 .text          0x0000000008001da4        0x8 /opt/zephyr-sdk/sysroots/armv5-zephyr-eabi/usr/lib/armv7e-m/libc.a(lib_a-envlock.o)
                0x0000000008001da4                __env_lock
                0x0000000008001da8                __env_unlock
 .text          0x0000000008001dac       0x2c /opt/zephyr-sdk/sysroots/armv5-zephyr-eabi/usr/lib/armv7e-m/libc.a(lib_a-lseekr.o)
                0x0000000008001dac                _lseek_r
 .text          0x0000000008001dd8      0x43c /opt/zephyr-sdk/sysroots/armv5-zephyr-eabi/usr/lib/armv7e-m/libc.a(lib_a-nano-svfscanf.o)
                0x0000000008001dd8                _sungetc_r
                0x0000000008001e58                __ssrefill_r
                0x0000000008001e94                __ssvfscanf_r
                0x0000000008001e94                __ssvfiscanf_r
 .text          0x0000000008002214      0x2d8 /opt/zephyr-sdk/sysroots/armv5-zephyr-eabi/usr/lib/armv7e-m/libc.a(lib_a-nano-vfscanf_i.o)
                0x0000000008002214                _scanf_chars
                0x00000000080022d8                _scanf_i
 .text          0x00000000080024ec       0x2c /opt/zephyr-sdk/sysroots/armv5-zephyr-eabi/usr/lib/armv7e-m/libc.a(lib_a-readr.o)
                0x00000000080024ec                _read_r
 .text          0x0000000008002518       0x74 /opt/zephyr-sdk/sysroots/armv5-zephyr-eabi/usr/lib/armv7e-m/libc.a(lib_a-sccl.o)
                0x0000000008002518                __sccl
 .text          0x000000000800258c      0x128 /opt/zephyr-sdk/sysroots/armv5-zephyr-eabi/usr/lib/armv7e-m/libc.a(lib_a-strtol.o)
                0x000000000800258c                _strtol_r
                0x000000000800269c                strtol
 .text          0x00000000080026b4      0x14c /opt/zephyr-sdk/sysroots/armv5-zephyr-eabi/usr/lib/armv7e-m/libc.a(lib_a-ungetc.o)
                0x00000000080026b4                __submore
                0x000000000800272c                _ungetc_r
                0x00000000080027f0                ungetc
 .text          0x0000000008002800      0x178 /opt/zephyr-sdk/sysroots/armv5-zephyr-eabi/usr/lib/armv7e-m/libc.a(lib_a-fflush.o)
                0x0000000008002800                __sflush_r
                0x0000000008002928                _fflush_r
                0x0000000008002954                fflush
 .text          0x0000000008002978      0x214 /opt/zephyr-sdk/sysroots/armv5-zephyr-eabi/usr/lib/armv7e-m/libc.a(lib_a-findfp.o)
                0x000000000800297c                _cleanup_r
                0x0000000008002a7c                __sfmoreglue
                0x0000000008002aac                __sfp
                0x0000000008002b38                _cleanup
                0x0000000008002b4c                __sinit
                0x0000000008002b54                __sfp_lock_acquire
                0x0000000008002b58                __sfp_lock_release
                0x0000000008002b5c                __sinit_lock_acquire
                0x0000000008002b60                __sinit_lock_release
                0x0000000008002b64                __fp_lock_all
                0x0000000008002b78                __fp_unlock_all
 .text          0x0000000008002b8c       0xa0 /opt/zephyr-sdk/sysroots/armv5-zephyr-eabi/usr/lib/armv7e-m/libc.a(lib_a-fwalk.o)
                0x0000000008002b8c                _fwalk
                0x0000000008002bd8                _fwalk_reent
 *fill*         0x0000000008002c2c        0x4 
 .text          0x0000000008002c30       0xa0 /opt/zephyr-sdk/sysroots/armv5-zephyr-eabi/usr/lib/armv7e-m/libc.a(lib_a-memchr.o)
                0x0000000008002c30                memchr
 .text          0x0000000008002cd0       0x50 /opt/zephyr-sdk/sysroots/armv5-zephyr-eabi/usr/lib/armv7e-m/libc.a(lib_a-nano-reallocr.o)
                0x0000000008002cd0                _realloc_r
 .text          0x0000000008002d20       0x14 /opt/zephyr-sdk/sysroots/armv5-zephyr-eabi/usr/lib/armv7e-m/libc.a(lib_a-nano-msizer.o)
                0x0000000008002d20                _malloc_usable_size_r
 *(.text.*)
 .text.uart_fifo_callback
                0x0000000008002d34       0x50 app/libapp.a(main.c.obj)
 .text.ay_uart_driver_open
                0x0000000008002d84       0x50 app/libapp.a(main.c.obj)
                0x0000000008002d84                ay_uart_driver_open
 .text.ay_uart_driver_write
                0x0000000008002dd4       0x2c app/libapp.a(main.c.obj)
                0x0000000008002dd4                ay_uart_driver_write
 .text.consumer_modem_queue
                0x0000000008002e00       0x68 app/libapp.a(main.c.obj)
                0x0000000008002e00                consumer_modem_queue
 .text.main     0x0000000008002e68       0x40 app/libapp.a(main.c.obj)
                0x0000000008002e68                main
 .text._thread_entry
                0x0000000008002ea8       0x14 zephyr/libzephyr.a(thread_entry.c.obj)
                0x0000000008002ea8                _thread_entry
 .text.get_bit_ptr
                0x0000000008002ebc       0x2a zephyr/libzephyr.a(mempool.c.obj)
 .text.set_free_bit
                0x0000000008002ee6       0x1c zephyr/libzephyr.a(mempool.c.obj)
 .text._sys_mem_pool_base_init
                0x0000000008002f02       0x9a zephyr/libzephyr.a(mempool.c.obj)
                0x0000000008002f02                _sys_mem_pool_base_init
 .text.z_arch_printk_char_out
                0x0000000008002f9c        0x4 zephyr/libzephyr.a(printk.c.obj)
                0x0000000008002f9c                z_arch_printk_char_out
 .text.char_out
                0x0000000008002fa0       0x10 zephyr/libzephyr.a(printk.c.obj)
 .text._printk_dec_ulong
                0x0000000008002fb0       0xa0 zephyr/libzephyr.a(printk.c.obj)
 .text.__printk_hook_install
                0x0000000008003050        0xc zephyr/libzephyr.a(printk.c.obj)
                0x0000000008003050                __printk_hook_install
 .text._vprintk
                0x000000000800305c      0x25e zephyr/libzephyr.a(printk.c.obj)
                0x000000000800305c                _vprintk
 *fill*         0x00000000080032ba        0x2 
 .text.vprintk  0x00000000080032bc       0x20 zephyr/libzephyr.a(printk.c.obj)
                0x00000000080032bc                vprintk
 .text.printk   0x00000000080032dc       0x1a zephyr/libzephyr.a(printk.c.obj)
                0x00000000080032dc                printk
 .text._ConfigAbsSyms
                0x00000000080032f6        0x2 zephyr/libzephyr.a(configs.c.obj)
                0x00000000080032f6                _ConfigAbsSyms
 .text.stm32l4_init
                0x00000000080032f8       0x30 zephyr/libzephyr.a(soc.c.obj)
 .text.stm32_gpio_flags_to_conf
                0x0000000008003328       0x3a zephyr/libzephyr.a(soc_gpio.c.obj)
                0x0000000008003328                stm32_gpio_flags_to_conf
 .text.stm32_gpio_configure
                0x0000000008003362       0x8c zephyr/libzephyr.a(soc_gpio.c.obj)
                0x0000000008003362                stm32_gpio_configure
 .text.stm32_gpio_set
                0x00000000080033ee       0x1c zephyr/libzephyr.a(soc_gpio.c.obj)
                0x00000000080033ee                stm32_gpio_set
 .text.stm32_gpio_get
                0x000000000800340a        0xa zephyr/libzephyr.a(soc_gpio.c.obj)
                0x000000000800340a                stm32_gpio_get
 .text.stm32_gpio_enable_int
                0x0000000008003414       0x98 zephyr/libzephyr.a(soc_gpio.c.obj)
                0x0000000008003414                stm32_gpio_enable_int
 .text.LL_RTC_ALMA_Init
                0x00000000080034ac       0xe4 zephyr/libzephyr.a(stm32l4xx_ll_rtc.c.obj)
                0x00000000080034ac                LL_RTC_ALMA_Init
 .text.LL_RTC_EnterInitMode
                0x0000000008003590       0x50 zephyr/libzephyr.a(stm32l4xx_ll_rtc.c.obj)
                0x0000000008003590                LL_RTC_EnterInitMode
 .text.LL_RTC_Init
                0x00000000080035e0       0x4c zephyr/libzephyr.a(stm32l4xx_ll_rtc.c.obj)
                0x00000000080035e0                LL_RTC_Init
 .text.LL_RTC_WaitForSynchro
                0x000000000800362c       0x88 zephyr/libzephyr.a(stm32l4xx_ll_rtc.c.obj)
                0x000000000800362c                LL_RTC_WaitForSynchro
 .text.LL_RTC_DeInit
                0x00000000080036b4       0x50 zephyr/libzephyr.a(stm32l4xx_ll_rtc.c.obj)
                0x00000000080036b4                LL_RTC_DeInit
 .text.LL_RTC_TIME_Init
                0x0000000008003704       0xa8 zephyr/libzephyr.a(stm32l4xx_ll_rtc.c.obj)
                0x0000000008003704                LL_RTC_TIME_Init
 .text.LL_RTC_DATE_Init
                0x00000000080037ac       0xb0 zephyr/libzephyr.a(stm32l4xx_ll_rtc.c.obj)
                0x00000000080037ac                LL_RTC_DATE_Init
 .text.LL_RCC_SetAHBPrescaler
                0x000000000800385c       0x14 zephyr/libzephyr.a(stm32l4xx_ll_utils.c.obj)
 .text.UTILS_GetPLLOutputFrequency
                0x0000000008003870       0x20 zephyr/libzephyr.a(stm32l4xx_ll_utils.c.obj)
 .text.UTILS_SetFlashLatency.part.0
                0x0000000008003890       0x88 zephyr/libzephyr.a(stm32l4xx_ll_utils.c.obj)
 .text.UTILS_PLL_IsBusy
                0x0000000008003918       0x24 zephyr/libzephyr.a(stm32l4xx_ll_utils.c.obj)
 .text.UTILS_EnablePLLAndSwitchSystem
                0x000000000800393c       0x98 zephyr/libzephyr.a(stm32l4xx_ll_utils.c.obj)
 .text.LL_PLL_ConfigSystemClock_HSI
                0x00000000080039d4       0x8c zephyr/libzephyr.a(stm32l4xx_ll_utils.c.obj)
                0x00000000080039d4                LL_PLL_ConfigSystemClock_HSI
 .text.console_out
                0x0000000008003a60       0x28 zephyr/libzephyr.a(uart_console.c.obj)
 .text.uart_console_hook_install
                0x0000000008003a88       0x18 zephyr/libzephyr.a(uart_console.c.obj)
                0x0000000008003a88                uart_console_hook_install
 .text.uart_console_init
                0x0000000008003aa0       0x1c zephyr/libzephyr.a(uart_console.c.obj)
 .text.stm32_exti_init
                0x0000000008003abc       0x4c zephyr/libzephyr.a(exti_stm32.c.obj)
 .text.__stm32_exti_isr
                0x0000000008003b08       0x54 zephyr/libzephyr.a(exti_stm32.c.obj)
 .text.__stm32_exti_isr_0
                0x0000000008003b5c        0xa zephyr/libzephyr.a(exti_stm32.c.obj)
 .text.__stm32_exti_isr_1
                0x0000000008003b66        0xa zephyr/libzephyr.a(exti_stm32.c.obj)
 .text.__stm32_exti_isr_2
                0x0000000008003b70        0xa zephyr/libzephyr.a(exti_stm32.c.obj)
 .text.__stm32_exti_isr_3
                0x0000000008003b7a        0xa zephyr/libzephyr.a(exti_stm32.c.obj)
 .text.__stm32_exti_isr_4
                0x0000000008003b84        0xa zephyr/libzephyr.a(exti_stm32.c.obj)
 .text.__stm32_exti_isr_9_5
                0x0000000008003b8e        0xa zephyr/libzephyr.a(exti_stm32.c.obj)
 .text.__stm32_exti_isr_15_10
                0x0000000008003b98        0xa zephyr/libzephyr.a(exti_stm32.c.obj)
 *fill*         0x0000000008003ba2        0x2 
 .text.stm32_exti_enable
                0x0000000008003ba4       0x40 zephyr/libzephyr.a(exti_stm32.c.obj)
                0x0000000008003ba4                stm32_exti_enable
 .text.stm32_exti_trigger
                0x0000000008003be4       0x34 zephyr/libzephyr.a(exti_stm32.c.obj)
                0x0000000008003be4                stm32_exti_trigger
 .text.stm32_exti_set_callback
                0x0000000008003c18       0x24 zephyr/libzephyr.a(exti_stm32.c.obj)
                0x0000000008003c18                stm32_exti_set_callback
 .text.stm32_clock_control_on
                0x0000000008003c3c       0x84 zephyr/libzephyr.a(stm32_ll_clock.c.obj)
 .text.stm32_clock_control_off
                0x0000000008003cc0       0x64 zephyr/libzephyr.a(stm32_ll_clock.c.obj)
 .text.stm32_clock_control_get_subsys_rate
                0x0000000008003d24       0x24 zephyr/libzephyr.a(stm32_ll_clock.c.obj)
 .text.stm32_clock_control_init
                0x0000000008003d48       0x94 zephyr/libzephyr.a(stm32_ll_clock.c.obj)
 .text.config_pll_init
                0x0000000008003ddc        0xc zephyr/libzephyr.a(stm32l4x_ll_clock.c.obj)
                0x0000000008003ddc                config_pll_init
 .text.config_enable_default_clocks
                0x0000000008003de8        0x2 zephyr/libzephyr.a(stm32l4x_ll_clock.c.obj)
                0x0000000008003de8                config_enable_default_clocks
 *fill*         0x0000000008003dea        0x2 
 .text._pinmux_stm32_set
                0x0000000008003dec       0x54 zephyr/libzephyr.a(pinmux_stm32.c.obj)
                0x0000000008003dec                _pinmux_stm32_set
 .text.stm32_setup_pins
                0x0000000008003e40       0x30 zephyr/libzephyr.a(pinmux_stm32.c.obj)
                0x0000000008003e40                stm32_setup_pins
 .text.elapsed  0x0000000008003e70       0x3c zephyr/libzephyr.a(cortex_m_systick.c.obj)
 .text._timer_int_handler
                0x0000000008003eac       0x50 zephyr/libzephyr.a(cortex_m_systick.c.obj)
                0x0000000008003eac                _timer_int_handler
 .text.z_clock_driver_init
                0x0000000008003efc       0x30 zephyr/libzephyr.a(cortex_m_systick.c.obj)
                0x0000000008003efc                z_clock_driver_init
 .text.z_clock_set_timeout
                0x0000000008003f2c       0x90 zephyr/libzephyr.a(cortex_m_systick.c.obj)
                0x0000000008003f2c                z_clock_set_timeout
 .text.z_clock_elapsed
                0x0000000008003fbc       0x38 zephyr/libzephyr.a(cortex_m_systick.c.obj)
                0x0000000008003fbc                z_clock_elapsed
 .text._HandlerModeExit
                0x0000000008003ff4       0x1c zephyr/arch/arm/core/libarch__arm__core.a(exc_exit.S.obj)
                0x0000000008003ff4                _ExcExit
                0x0000000008003ff4                _IntExit
 .text._IntLibInit
                0x0000000008004010       0x18 zephyr/arch/arm/core/libarch__arm__core.a(irq_init.c.obj)
                0x0000000008004010                _IntLibInit
 .text.__swap   0x0000000008004028       0x30 zephyr/arch/arm/core/libarch__arm__core.a(swap.c.obj)
                0x0000000008004028                __swap
 .text.__pendsv
                0x0000000008004058       0x44 zephyr/arch/arm/core/libarch__arm__core.a(swap_helper.S.obj)
                0x0000000008004058                __pendsv
 .text.__svc    0x000000000800409c       0x24 zephyr/arch/arm/core/libarch__arm__core.a(swap_helper.S.obj)
                0x000000000800409c                __svc
 .text._MpuFault.isra.2
                0x00000000080040c0       0x88 zephyr/arch/arm/core/libarch__arm__core.a(fault.c.obj)
 .text._BusFault.isra.3
                0x0000000008004148       0x94 zephyr/arch/arm/core/libarch__arm__core.a(fault.c.obj)
 .text._UsageFault.isra.5
                0x00000000080041dc       0x88 zephyr/arch/arm/core/libarch__arm__core.a(fault.c.obj)
 .text._Fault   0x0000000008004264       0xcc zephyr/arch/arm/core/libarch__arm__core.a(fault.c.obj)
                0x0000000008004264                _Fault
 .text._FaultInit
                0x0000000008004330       0x10 zephyr/arch/arm/core/libarch__arm__core.a(fault.c.obj)
                0x0000000008004330                _FaultInit
 .text._arch_irq_enable
                0x0000000008004340       0x20 zephyr/arch/arm/core/libarch__arm__core.a(irq_manage.c.obj)
                0x0000000008004340                _arch_irq_enable
 .text._irq_priority_set
                0x0000000008004360       0x30 zephyr/arch/arm/core/libarch__arm__core.a(irq_manage.c.obj)
                0x0000000008004360                _irq_priority_set
 .text._irq_spurious
                0x0000000008004390        0x4 zephyr/arch/arm/core/libarch__arm__core.a(irq_manage.c.obj)
                0x0000000008004390                _irq_spurious
 .text._new_thread
                0x0000000008004394       0x50 zephyr/arch/arm/core/libarch__arm__core.a(thread.c.obj)
                0x0000000008004394                _new_thread
 .text._CpuIdleInit
                0x00000000080043e4        0xc zephyr/arch/arm/core/libarch__arm__core.a(cpu_idle.S.obj)
                0x00000000080043e4                _CpuIdleInit
 .text.k_cpu_idle
                0x00000000080043f0        0xc zephyr/arch/arm/core/libarch__arm__core.a(cpu_idle.S.obj)
                0x00000000080043f0                k_cpu_idle
 .text.__fault  0x00000000080043fc       0x28 zephyr/arch/arm/core/libarch__arm__core.a(fault_s.S.obj)
                0x00000000080043fc                __usage_fault
                0x00000000080043fc                __reserved
                0x00000000080043fc                __bus_fault
                0x00000000080043fc                __debug_monitor
                0x00000000080043fc                __mpu_fault
                0x00000000080043fc                __hard_fault
 .text._NanoFatalErrorHandler
                0x0000000008004424       0x64 zephyr/arch/arm/core/libarch__arm__core.a(fatal.c.obj)
                0x0000000008004424                _NanoFatalErrorHandler
 .text._do_kernel_oops
                0x0000000008004488        0x8 zephyr/arch/arm/core/libarch__arm__core.a(fatal.c.obj)
                0x0000000008004488                _do_kernel_oops
 .text._SysFatalErrorHandler
                0x0000000008004490       0x58 zephyr/arch/arm/core/libarch__arm__core.a(sys_fatal_error_handler.c.obj)
                0x0000000008004490                _SysFatalErrorHandler
 .text._impl_k_thread_abort
                0x00000000080044e8       0x48 zephyr/arch/arm/core/libarch__arm__core.a(thread_abort.c.obj)
                0x00000000080044e8                _impl_k_thread_abort
 .text._isr_wrapper
                0x0000000008004530       0x28 zephyr/arch/arm/core/libarch__arm__core.a(isr_wrapper.S.obj)
                0x0000000008004530                _isr_wrapper
 .text._reset_section
                0x0000000008004558       0x24 zephyr/arch/arm/core/cortex_m/libarch__arm__core__cortex_m.a(reset.S.obj)
                0x0000000008004558                __reset
                0x0000000008004558                __start
 .text._SysNmiOnReset
                0x000000000800457c        0x8 zephyr/arch/arm/core/cortex_m/libarch__arm__core__cortex_m.a(nmi_on_reset.S.obj)
                0x000000000800457c                _SysNmiOnReset
 .text._PrepC   0x0000000008004584       0x2c zephyr/arch/arm/core/cortex_m/libarch__arm__core__cortex_m.a(prep_c.c.obj)
                0x0000000008004584                _PrepC
 .text.__nmi    0x00000000080045b0        0xe zephyr/arch/arm/core/cortex_m/libarch__arm__core__cortex_m.a(nmi.c.obj)
                0x00000000080045b0                __nmi
 *fill*         0x00000000080045be        0x2 
 .text.arm_core_mpu_enable
                0x00000000080045c0       0x14 zephyr/arch/arm/core/cortex_m/mpu/libarch__arm__core__cortex_m__mpu.a(arm_mpu.c.obj)
                0x00000000080045c0                arm_core_mpu_enable
 .text.arm_core_mpu_disable
                0x00000000080045d4       0x10 zephyr/arch/arm/core/cortex_m/mpu/libarch__arm__core__cortex_m__mpu.a(arm_mpu.c.obj)
                0x00000000080045d4                arm_core_mpu_disable
 .text.arm_mpu_init
                0x00000000080045e4       0x54 zephyr/arch/arm/core/cortex_m/mpu/libarch__arm__core__cortex_m__mpu.a(arm_mpu.c.obj)
 .text._stdin_hook_default
                0x0000000008004638        0x4 zephyr/lib/libc/newlib/liblib__libc__newlib.a(libc-hooks.c.obj)
 .text._stdout_hook_default
                0x000000000800463c        0x6 zephyr/lib/libc/newlib/liblib__libc__newlib.a(libc-hooks.c.obj)
 *fill*         0x0000000008004642        0x2 
 .text.__stdout_hook_install
                0x0000000008004644        0xc zephyr/lib/libc/newlib/liblib__libc__newlib.a(libc-hooks.c.obj)
                0x0000000008004644                __stdout_hook_install
 .text._impl__zephyr_read
                0x0000000008004650       0x28 zephyr/lib/libc/newlib/liblib__libc__newlib.a(libc-hooks.c.obj)
                0x0000000008004650                _impl__zephyr_read
 .text._impl__zephyr_write
                0x0000000008004678       0x30 zephyr/lib/libc/newlib/liblib__libc__newlib.a(libc-hooks.c.obj)
                0x0000000008004678                _impl__zephyr_write
 .text._read    0x00000000080046a8        0x8 zephyr/lib/libc/newlib/liblib__libc__newlib.a(libc-hooks.c.obj)
                0x00000000080046a8                read
                0x00000000080046a8                _read
 .text._write   0x00000000080046b0        0x8 zephyr/lib/libc/newlib/liblib__libc__newlib.a(libc-hooks.c.obj)
                0x00000000080046b0                write
                0x00000000080046b0                _write
 .text._close   0x00000000080046b8        0x6 zephyr/lib/libc/newlib/liblib__libc__newlib.a(libc-hooks.c.obj)
                0x00000000080046b8                close
                0x00000000080046b8                _close
 .text._lseek   0x00000000080046be        0x4 zephyr/lib/libc/newlib/liblib__libc__newlib.a(libc-hooks.c.obj)
                0x00000000080046be                lseek
                0x00000000080046be                _lseek
 *fill*         0x00000000080046c2        0x2 
 .text._sbrk    0x00000000080046c4       0x28 zephyr/lib/libc/newlib/liblib__libc__newlib.a(libc-hooks.c.obj)
                0x00000000080046c4                _sbrk
                0x00000000080046c4                sbrk
 .text.pinmux_stm32_init
                0x00000000080046ec       0x14 zephyr/boards/arm/nucleo_l4r5zi/libboards__arm__nucleo_l4r5zi.a(pinmux.c.obj)
 .text.gpio_stm32_isr
                0x0000000008004700       0x2c zephyr/drivers/gpio/libdrivers__gpio.a(gpio_stm32.c.obj)
 .text.gpio_stm32_manage_callback
                0x000000000800472c       0x42 zephyr/drivers/gpio/libdrivers__gpio.a(gpio_stm32.c.obj)
 .text.gpio_stm32_enable_callback
                0x000000000800476e       0x1a zephyr/drivers/gpio/libdrivers__gpio.a(gpio_stm32.c.obj)
 .text.gpio_stm32_disable_callback
                0x0000000008004788       0x1c zephyr/drivers/gpio/libdrivers__gpio.a(gpio_stm32.c.obj)
 .text.gpio_stm32_init
                0x00000000080047a4       0x24 zephyr/drivers/gpio/libdrivers__gpio.a(gpio_stm32.c.obj)
 .text.gpio_stm32_read
                0x00000000080047c8       0x20 zephyr/drivers/gpio/libdrivers__gpio.a(gpio_stm32.c.obj)
 .text.gpio_stm32_write
                0x00000000080047e8       0x1e zephyr/drivers/gpio/libdrivers__gpio.a(gpio_stm32.c.obj)
 *fill*         0x0000000008004806        0x2 
 .text.gpio_stm32_config
                0x0000000008004808       0x88 zephyr/drivers/gpio/libdrivers__gpio.a(gpio_stm32.c.obj)
 .text.rtc_stm32_disable
                0x0000000008004890       0x14 zephyr/drivers/rtc/libdrivers__rtc.a(rtc_ll_stm32.c.obj)
 .text.rtc_stm32_get_pending_int
                0x00000000080048a4       0x10 zephyr/drivers/rtc/libdrivers__rtc.a(rtc_ll_stm32.c.obj)
 .text.rtc_stm32_read
                0x00000000080048b4       0xe8 zephyr/drivers/rtc/libdrivers__rtc.a(rtc_ll_stm32.c.obj)
 .text.rtc_stm32_set_alarm
                0x000000000800499c       0xa0 zephyr/drivers/rtc/libdrivers__rtc.a(rtc_ll_stm32.c.obj)
 .text.rtc_stm32_set_config
                0x0000000008004a3c       0xc0 zephyr/drivers/rtc/libdrivers__rtc.a(rtc_ll_stm32.c.obj)
 .text.rtc_stm32_init
                0x0000000008004afc       0xe8 zephyr/drivers/rtc/libdrivers__rtc.a(rtc_ll_stm32.c.obj)
 .text.rtc_stm32_enable
                0x0000000008004be4       0x14 zephyr/drivers/rtc/libdrivers__rtc.a(rtc_ll_stm32.c.obj)
 .text.rtc_stm32_isr
                0x0000000008004bf8       0x38 zephyr/drivers/rtc/libdrivers__rtc.a(rtc_ll_stm32.c.obj)
                0x0000000008004bf8                rtc_stm32_isr
 .text.uart_stm32_irq_tx_enable
                0x0000000008004c30       0x10 zephyr/drivers/serial/libdrivers__serial.a(uart_stm32.c.obj)
 .text.uart_stm32_irq_tx_disable
                0x0000000008004c40       0x10 zephyr/drivers/serial/libdrivers__serial.a(uart_stm32.c.obj)
 .text.uart_stm32_irq_rx_enable
                0x0000000008004c50       0x10 zephyr/drivers/serial/libdrivers__serial.a(uart_stm32.c.obj)
 .text.uart_stm32_irq_rx_disable
                0x0000000008004c60       0x10 zephyr/drivers/serial/libdrivers__serial.a(uart_stm32.c.obj)
 .text.uart_stm32_irq_err_enable
                0x0000000008004c70       0x4c zephyr/drivers/serial/libdrivers__serial.a(uart_stm32.c.obj)
 .text.uart_stm32_irq_err_disable
                0x0000000008004cbc       0x4c zephyr/drivers/serial/libdrivers__serial.a(uart_stm32.c.obj)
 .text.uart_stm32_irq_is_pending
                0x0000000008004d08       0x28 zephyr/drivers/serial/libdrivers__serial.a(uart_stm32.c.obj)
 .text.uart_stm32_irq_update
                0x0000000008004d30        0x4 zephyr/drivers/serial/libdrivers__serial.a(uart_stm32.c.obj)
 .text.uart_stm32_irq_callback_set
                0x0000000008004d34        0x8 zephyr/drivers/serial/libdrivers__serial.a(uart_stm32.c.obj)
 .text.uart_stm32_isr
                0x0000000008004d3c        0xc zephyr/drivers/serial/libdrivers__serial.a(uart_stm32.c.obj)
 .text.uart_stm32_irq_config_func_USART_1
                0x0000000008004d48       0x16 zephyr/drivers/serial/libdrivers__serial.a(uart_stm32.c.obj)
 .text.uart_stm32_irq_config_func_USART_2
                0x0000000008004d5e       0x16 zephyr/drivers/serial/libdrivers__serial.a(uart_stm32.c.obj)
 .text.uart_stm32_init
                0x0000000008004d74       0xa4 zephyr/drivers/serial/libdrivers__serial.a(uart_stm32.c.obj)
 .text.uart_stm32_poll_out
                0x0000000008004e18       0x16 zephyr/drivers/serial/libdrivers__serial.a(uart_stm32.c.obj)
 .text.uart_stm32_fifo_fill
                0x0000000008004e2e       0x24 zephyr/drivers/serial/libdrivers__serial.a(uart_stm32.c.obj)
 .text.uart_stm32_fifo_read
                0x0000000008004e52       0x2c zephyr/drivers/serial/libdrivers__serial.a(uart_stm32.c.obj)
 .text.uart_stm32_irq_tx_complete
                0x0000000008004e7e        0xe zephyr/drivers/serial/libdrivers__serial.a(uart_stm32.c.obj)
 .text.uart_stm32_irq_tx_ready
                0x0000000008004e8c        0x4 zephyr/drivers/serial/libdrivers__serial.a(uart_stm32.c.obj)
 .text.uart_stm32_irq_rx_ready
                0x0000000008004e90        0xe zephyr/drivers/serial/libdrivers__serial.a(uart_stm32.c.obj)
 .text.uart_stm32_poll_in
                0x0000000008004e9e       0x26 zephyr/drivers/serial/libdrivers__serial.a(uart_stm32.c.obj)
 .text._sys_device_do_config_level
                0x0000000008004ec4       0x2c zephyr/kernel/libkernel.a(device.c.obj)
                0x0000000008004ec4                _sys_device_do_config_level
 .text._impl_device_get_binding
                0x0000000008004ef0       0x4c zephyr/kernel/libkernel.a(device.c.obj)
                0x0000000008004ef0                _impl_device_get_binding
 .text._bss_zero
                0x0000000008004f3c       0x14 zephyr/kernel/libkernel.a(init.c.obj)
                0x0000000008004f3c                _bss_zero
 .text._data_copy
                0x0000000008004f50       0x18 zephyr/kernel/libkernel.a(init.c.obj)
                0x0000000008004f50                _data_copy
 .text.bg_thread_main
                0x0000000008004f68       0x30 zephyr/kernel/libkernel.a(init.c.obj)
 .text._Cstart  0x0000000008004f98      0x108 zephyr/kernel/libkernel.a(init.c.obj)
                0x0000000008004f98                _Cstart
 .text._ready_thread
                0x00000000080050a0       0x12 zephyr/kernel/libkernel.a(msg_q.c.obj)
 *fill*         0x00000000080050b2        0x2 
 .text._impl_k_msgq_put
                0x00000000080050b4       0x84 zephyr/kernel/libkernel.a(msg_q.c.obj)
                0x00000000080050b4                _impl_k_msgq_put
 .text._impl_k_msgq_get
                0x0000000008005138       0x9c zephyr/kernel/libkernel.a(msg_q.c.obj)
                0x0000000008005138                _impl_k_msgq_get
 .text.sys_dlist_remove
                0x00000000080051d4        0xc zephyr/kernel/libkernel.a(sched.c.obj)
 .text.reset_time_slice
                0x00000000080051e0       0x24 zephyr/kernel/libkernel.a(sched.c.obj)
 .text.k_spin_lock.isra.10
                0x0000000008005204        0xe zephyr/kernel/libkernel.a(sched.c.obj)
 *fill*         0x0000000008005212        0x2 
 .text.update_cache
                0x0000000008005214       0x4c zephyr/kernel/libkernel.a(sched.c.obj)
 .text.k_sched_time_slice_set
                0x0000000008005260       0x38 zephyr/kernel/libkernel.a(sched.c.obj)
                0x0000000008005260                k_sched_time_slice_set
 .text._remove_thread_from_ready_q
                0x0000000008005298       0x38 zephyr/kernel/libkernel.a(sched.c.obj)
                0x0000000008005298                _remove_thread_from_ready_q
 .text._find_first_thread_to_unpend
                0x00000000080052d0       0x18 zephyr/kernel/libkernel.a(sched.c.obj)
                0x00000000080052d0                _find_first_thread_to_unpend
 .text._unpend_thread_no_timeout
                0x00000000080052e8       0x22 zephyr/kernel/libkernel.a(sched.c.obj)
                0x00000000080052e8                _unpend_thread_no_timeout
 .text._unpend_first_thread
                0x000000000800530a       0x1c zephyr/kernel/libkernel.a(sched.c.obj)
                0x000000000800530a                _unpend_first_thread
 *fill*         0x0000000008005326        0x2 
 .text._reschedule
                0x0000000008005328       0x30 zephyr/kernel/libkernel.a(sched.c.obj)
                0x0000000008005328                _reschedule
 .text.k_sched_unlock
                0x0000000008005358       0x34 zephyr/kernel/libkernel.a(sched.c.obj)
                0x0000000008005358                k_sched_unlock
 .text._priq_dumb_add
                0x000000000800538c       0x40 zephyr/kernel/libkernel.a(sched.c.obj)
                0x000000000800538c                _priq_dumb_add
 .text._add_thread_to_ready_q
                0x00000000080053cc       0x2c zephyr/kernel/libkernel.a(sched.c.obj)
                0x00000000080053cc                _add_thread_to_ready_q
 .text._ready_thread
                0x00000000080053f8       0x12 zephyr/kernel/libkernel.a(sched.c.obj)
 .text.z_thread_timeout
                0x000000000800540a       0x2a zephyr/kernel/libkernel.a(sched.c.obj)
                0x000000000800540a                z_thread_timeout
 .text._move_thread_to_end_of_prio_q
                0x0000000008005434       0x3c zephyr/kernel/libkernel.a(sched.c.obj)
                0x0000000008005434                _move_thread_to_end_of_prio_q
 .text.z_time_slice
                0x0000000008005470       0x58 zephyr/kernel/libkernel.a(sched.c.obj)
                0x0000000008005470                z_time_slice
 .text.pend     0x00000000080054c8       0x44 zephyr/kernel/libkernel.a(sched.c.obj)
 .text._pend_current_thread
                0x000000000800550c       0x1c zephyr/kernel/libkernel.a(sched.c.obj)
                0x000000000800550c                _pend_current_thread
 .text._sched_init
                0x0000000008005528       0x18 zephyr/kernel/libkernel.a(sched.c.obj)
                0x0000000008005528                _sched_init
 .text._impl_k_yield
                0x0000000008005540       0x54 zephyr/kernel/libkernel.a(sched.c.obj)
                0x0000000008005540                _impl_k_yield
 .text._impl_k_sleep
                0x0000000008005594       0x70 zephyr/kernel/libkernel.a(sched.c.obj)
                0x0000000008005594                _impl_k_sleep
 .text._impl_k_current_get
                0x0000000008005604        0xc zephyr/kernel/libkernel.a(sched.c.obj)
                0x0000000008005604                _impl_k_current_get
 .text._impl_k_sem_init
                0x0000000008005610        0xa zephyr/kernel/libkernel.a(sem.c.obj)
                0x0000000008005610                _impl_k_sem_init
 .text._impl_k_sem_give
                0x000000000800561a       0x44 zephyr/kernel/libkernel.a(sem.c.obj)
                0x000000000800561a                _impl_k_sem_give
 .text._impl_k_sem_take
                0x000000000800565e       0x38 zephyr/kernel/libkernel.a(sem.c.obj)
                0x000000000800565e                _impl_k_sem_take
 *fill*         0x0000000008005696        0x2 
 .text.schedule_new_thread.part.8
                0x0000000008005698       0x2c zephyr/kernel/libkernel.a(thread.c.obj)
 .text._ready_thread
                0x00000000080056c4       0x12 zephyr/kernel/libkernel.a(thread.c.obj)
 *fill*         0x00000000080056d6        0x2 
 .text.k_is_in_isr
                0x00000000080056d8       0x20 zephyr/kernel/libkernel.a(thread.c.obj)
                0x00000000080056d8                k_is_in_isr
 .text._is_thread_essential
                0x00000000080056f8       0x10 zephyr/kernel/libkernel.a(thread.c.obj)
                0x00000000080056f8                _is_thread_essential
 .text._impl_k_thread_start
                0x0000000008005708       0x2e zephyr/kernel/libkernel.a(thread.c.obj)
                0x0000000008005708                _impl_k_thread_start
 *fill*         0x0000000008005736        0x2 
 .text._setup_new_thread
                0x0000000008005738       0x34 zephyr/kernel/libkernel.a(thread.c.obj)
                0x0000000008005738                _setup_new_thread
 .text._k_thread_single_abort
                0x000000000800576c       0x40 zephyr/kernel/libkernel.a(thread.c.obj)
                0x000000000800576c                _k_thread_single_abort
 .text._init_static_threads
                0x00000000080057ac       0x98 zephyr/kernel/libkernel.a(thread.c.obj)
                0x00000000080057ac                _init_static_threads
 .text._init_thread_base
                0x0000000008005844       0x12 zephyr/kernel/libkernel.a(thread.c.obj)
                0x0000000008005844                _init_thread_base
 *fill*         0x0000000008005856        0x2 
 .text.elapsed  0x0000000008005858       0x14 zephyr/kernel/libkernel.a(timeout.c.obj)
 .text.k_spin_lock.isra.1
                0x000000000800586c        0xe zephyr/kernel/libkernel.a(timeout.c.obj)
 *fill*         0x000000000800587a        0x2 
 .text.remove_timeout
                0x000000000800587c       0x2c zephyr/kernel/libkernel.a(timeout.c.obj)
 .text._abort_timeout
                0x00000000080058a8       0x1e zephyr/kernel/libkernel.a(timeout.c.obj)
                0x00000000080058a8                _abort_timeout
 *fill*         0x00000000080058c6        0x2 
 .text._get_next_timeout_expiry
                0x00000000080058c8       0x5c zephyr/kernel/libkernel.a(timeout.c.obj)
                0x00000000080058c8                _get_next_timeout_expiry
 .text._add_timeout
                0x0000000008005924       0x78 zephyr/kernel/libkernel.a(timeout.c.obj)
                0x0000000008005924                _add_timeout
 .text.z_clock_announce
                0x000000000800599c       0x98 zephyr/kernel/libkernel.a(timeout.c.obj)
                0x000000000800599c                z_clock_announce
 .text.z_set_timeout_expiry
                0x0000000008005a34       0x26 zephyr/kernel/libkernel.a(timeout.c.obj)
                0x0000000008005a34                z_set_timeout_expiry
 *fill*         0x0000000008005a5a        0x2 
 .text.z_tick_get
                0x0000000008005a5c       0x2c zephyr/kernel/libkernel.a(timeout.c.obj)
                0x0000000008005a5c                z_tick_get
 .text.z_tick_get_32
                0x0000000008005a88        0x8 zephyr/kernel/libkernel.a(timeout.c.obj)
                0x0000000008005a88                z_tick_get_32
 .text._impl_k_uptime_get_32
                0x0000000008005a90       0x18 zephyr/kernel/libkernel.a(timeout.c.obj)
                0x0000000008005a90                _impl_k_uptime_get_32
 .text.idle     0x0000000008005aa8       0x24 zephyr/kernel/libkernel.a(idle.c.obj)
                0x0000000008005aa8                idle
 .text.init_static_pools
                0x0000000008005acc       0x28 zephyr/kernel/libkernel.a(mempool.c.obj)
                0x0000000008005acc                init_static_pools
 .text._OffsetAbsSyms
                0x0000000008005af4        0x2 zephyr/CMakeFiles/offsets.dir/arch/arm/core/offsets/offsets.c.obj
                0x0000000008005af4                _OffsetAbsSyms
 *(.gnu.linkonce.t.*)
 *(.glue_7t)
 .glue_7t       0x0000000008005af6        0x0 linker stubs
 *(.glue_7)
 .glue_7        0x0000000008005af6        0x0 linker stubs
 *(.vfp11_veneer)
 .vfp11_veneer  0x0000000008005af6        0x0 linker stubs
 *(.v4_bx)
 .v4_bx         0x0000000008005af6        0x0 linker stubs
                0x0000000008005af6                _image_text_end = .

.ARM.exidx      0x0000000008005af8        0x8
                0x0000000008005af8                __exidx_start = .
 *(.ARM.exidx* gnu.linkonce.armexidx.*)
 .ARM.exidx     0x0000000008005af8        0x8 /opt/zephyr-sdk/sysroots/armv5-zephyr-eabi/usr/lib/arm-zephyr-eabi/6.2.0/armv7e-m/libgcc.a(_udivmoddi4.o)
                0x0000000008005b00                __exidx_end = .
                0x0000000008005b00                _image_rodata_start = .

sw_isr_table    0x0000000008005b00      0x2f8
 *(.gnu.linkonce.sw_isr_table)
 .gnu.linkonce.sw_isr_table
                0x0000000008005b00      0x2f8 zephyr/CMakeFiles/kernel_elf.dir/isr_tables.c.obj
                0x0000000008005b00                _sw_isr_table

devconfig       0x0000000008005df8       0xe4
                0x0000000008005df8                __devconfig_start = .
 *(.devconfig.*)
 .devconfig.init
                0x0000000008005df8        0xc zephyr/libzephyr.a(soc.c.obj)
 .devconfig.init
                0x0000000008005e04        0xc zephyr/libzephyr.a(uart_console.c.obj)
 .devconfig.init
                0x0000000008005e10        0xc zephyr/libzephyr.a(exti_stm32.c.obj)
 .devconfig.init
                0x0000000008005e1c        0xc zephyr/libzephyr.a(stm32_ll_clock.c.obj)
 .devconfig.init
                0x0000000008005e28        0xc zephyr/libzephyr.a(sys_clock_init.c.obj)
 .devconfig.init
                0x0000000008005e34        0xc zephyr/arch/arm/core/cortex_m/mpu/libarch__arm__core__cortex_m__mpu.a(arm_mpu.c.obj)
 .devconfig.init
                0x0000000008005e40        0xc zephyr/boards/arm/nucleo_l4r5zi/libboards__arm__nucleo_l4r5zi.a(pinmux.c.obj)
 .devconfig.init
                0x0000000008005e4c       0x60 zephyr/drivers/gpio/libdrivers__gpio.a(gpio_stm32.c.obj)
 .devconfig.init
                0x0000000008005eac        0xc zephyr/drivers/rtc/libdrivers__rtc.a(rtc_ll_stm32.c.obj)
 .devconfig.init
                0x0000000008005eb8       0x18 zephyr/drivers/serial/libdrivers__serial.a(uart_stm32.c.obj)
 .devconfig.init
                0x0000000008005ed0        0xc zephyr/kernel/libkernel.a(mempool.c.obj)
 *(SORT(.devconfig*))
                0x0000000008005edc                __devconfig_end = .

net_l2          0x0000000008005edc        0x0
                0x0000000008005edc                __net_l2_start = .
 *(.net_l2.init)
 *(SORT(.net_l2.init*))
                0x0000000008005edc                __net_l2_end = .

log_const_sections
                0x0000000008005edc        0x0
                0x0000000008005edc                __log_const_start = .
 *(SORT(.log_const_*))
                0x0000000008005edc                __log_const_end = .

log_backends_sections
                0x0000000008005edc        0x0
                0x0000000008005edc                __log_backends_start = .
 *(.log_backends)
                0x0000000008005edc                __log_backends_end = .

shell_root_cmds_sections
                0x0000000008005edc        0x0
                0x0000000008005edc                __shell_root_cmds_start = .
 *(SORT(.shell_root_cmd_*))
                0x0000000008005edc                __shell_root_cmds_end = .

font_entry_sections
                0x0000000008005edc        0x0
                0x0000000008005edc                __font_entry_start = .
 *(SORT(.font_entry.*))
                0x0000000008005edc                __font_entry_end = .

rodata          0x0000000008005edc      0x9e4
 *(.rodata)
 .rodata        0x0000000008005edc        0x8 zephyr/libzephyr.a(soc_gpio.c.obj)
 .rodata        0x0000000008005ee4       0x60 /opt/zephyr-sdk/sysroots/armv5-zephyr-eabi/usr/lib/armv7e-m/libc.a(lib_a-mktime.o)
 .rodata        0x0000000008005f44        0x4 /opt/zephyr-sdk/sysroots/armv5-zephyr-eabi/usr/lib/armv7e-m/libc.a(lib_a-impure.o)
                0x0000000008005f44                _global_impure_ptr
 .rodata        0x0000000008005f48       0x60 /opt/zephyr-sdk/sysroots/armv5-zephyr-eabi/usr/lib/armv7e-m/libc.a(lib_a-month_lengths.o)
                0x0000000008005f48                __month_lengths
 .rodata        0x0000000008005fa8      0x101 /opt/zephyr-sdk/sysroots/armv5-zephyr-eabi/usr/lib/armv7e-m/libc.a(lib_a-ctype_.o)
                0x0000000008005fa8                _ctype_
 *fill*         0x00000000080060a9        0x3 
 .rodata        0x00000000080060ac        0xc /opt/zephyr-sdk/sysroots/armv5-zephyr-eabi/usr/lib/armv7e-m/libc.a(lib_a-nano-vfscanf_i.o)
 *(.rodata.*)
 .rodata.ay_uart_driver_open.str1.1
                0x00000000080060b8       0x40 app/libapp.a(main.c.obj)
 .rodata.consumer_modem_queue.str1.1
                0x00000000080060f8       0x3c app/libapp.a(main.c.obj)
 .rodata.main.str1.1
                0x0000000008006134       0x31 app/libapp.a(main.c.obj)
                                         0x33 (size before relaxing)
 .rodata.uart_fifo_callback.str1.1
                0x0000000008006165       0x21 app/libapp.a(main.c.obj)
 .rodata.str1.1
                0x0000000008006186       0x21 zephyr/libzephyr.a(soc.c.obj)
                                          0x1 (size before relaxing)
 .rodata.stm32_gpio_enable_int.str1.1
                0x0000000008006186        0x9 zephyr/libzephyr.a(soc_gpio.c.obj)
 *fill*         0x000000000800618f        0x1 
 .rodata.mpu_config
                0x0000000008006190        0x8 zephyr/libzephyr.a(arm_mpu_regions.c.obj)
                0x0000000008006190                mpu_config
 .rodata.mpu_regions
                0x0000000008006198       0x24 zephyr/libzephyr.a(arm_mpu_regions.c.obj)
 .rodata.str1.1
                0x00000000080061bc       0x14 zephyr/libzephyr.a(arm_mpu_regions.c.obj)
 .rodata.AHBPrescTable
                0x00000000080061d0       0x10 zephyr/libzephyr.a(system_stm32l4xx.c.obj)
                0x00000000080061d0                AHBPrescTable
 .rodata.str1.1
                0x00000000080061e0        0x1 zephyr/libzephyr.a(uart_console.c.obj)
 .rodata.uart_console_init.str1.1
                0x00000000080061e0        0x7 zephyr/libzephyr.a(uart_console.c.obj)
 .rodata.str1.1
                0x00000000080061e7        0xb zephyr/libzephyr.a(exti_stm32.c.obj)
 .rodata.str1.1
                0x00000000080061f2        0x9 zephyr/libzephyr.a(stm32_ll_clock.c.obj)
 .rodata._pinmux_stm32_set.str1.1
                0x00000000080061f2        0x9 zephyr/libzephyr.a(pinmux_stm32.c.obj)
 *fill*         0x00000000080061f2        0x2 
 .rodata.ports_enable
                0x00000000080061f4       0x2c zephyr/libzephyr.a(pinmux_stm32.c.obj)
 .rodata.str1.1
                0x0000000008006220        0xa zephyr/libzephyr.a(sys_clock_init.c.obj)
 .rodata._BusFault.isra.3.str1.1
                0x000000000800622a       0x7c zephyr/arch/arm/core/libarch__arm__core.a(fault.c.obj)
 .rodata._Fault.str1.1
                0x00000000080062a6       0xd3 zephyr/arch/arm/core/libarch__arm__core.a(fault.c.obj)
 .rodata._MpuFault.isra.2.str1.1
                0x0000000008006379       0xbd zephyr/arch/arm/core/libarch__arm__core.a(fault.c.obj)
 .rodata._UsageFault.isra.5.str1.1
                0x0000000008006436       0xd4 zephyr/arch/arm/core/libarch__arm__core.a(fault.c.obj)
 .rodata._NanoFatalErrorHandler.str1.1
                0x000000000800650a       0xda zephyr/arch/arm/core/libarch__arm__core.a(fatal.c.obj)
 .rodata._SysFatalErrorHandler.str1.1
                0x00000000080065e4       0x5a zephyr/arch/arm/core/libarch__arm__core.a(sys_fatal_error_handler.c.obj)
 .rodata.str1.1
                0x000000000800663e        0x1 zephyr/arch/arm/core/cortex_m/mpu/libarch__arm__core__cortex_m__mpu.a(arm_mpu.c.obj)
 *fill*         0x000000000800663e        0x2 
 .rodata.pinconf
                0x0000000008006640       0x20 zephyr/boards/arm/nucleo_l4r5zi/libboards__arm__nucleo_l4r5zi.a(pinmux.c.obj)
 .rodata.str1.1
                0x0000000008006660        0x1 zephyr/boards/arm/nucleo_l4r5zi/libboards__arm__nucleo_l4r5zi.a(pinmux.c.obj)
 .rodata.gpio_stm32_cfg_a
                0x0000000008006660       0x10 zephyr/drivers/gpio/libdrivers__gpio.a(gpio_stm32.c.obj)
 .rodata.gpio_stm32_cfg_b
                0x0000000008006670       0x10 zephyr/drivers/gpio/libdrivers__gpio.a(gpio_stm32.c.obj)
 .rodata.gpio_stm32_cfg_c
                0x0000000008006680       0x10 zephyr/drivers/gpio/libdrivers__gpio.a(gpio_stm32.c.obj)
 .rodata.gpio_stm32_cfg_d
                0x0000000008006690       0x10 zephyr/drivers/gpio/libdrivers__gpio.a(gpio_stm32.c.obj)
 .rodata.gpio_stm32_cfg_e
                0x00000000080066a0       0x10 zephyr/drivers/gpio/libdrivers__gpio.a(gpio_stm32.c.obj)
 .rodata.gpio_stm32_cfg_f
                0x00000000080066b0       0x10 zephyr/drivers/gpio/libdrivers__gpio.a(gpio_stm32.c.obj)
 .rodata.gpio_stm32_cfg_g
                0x00000000080066c0       0x10 zephyr/drivers/gpio/libdrivers__gpio.a(gpio_stm32.c.obj)
 .rodata.gpio_stm32_cfg_h
                0x00000000080066d0       0x10 zephyr/drivers/gpio/libdrivers__gpio.a(gpio_stm32.c.obj)
 .rodata.gpio_stm32_driver
                0x00000000080066e0       0x1c zephyr/drivers/gpio/libdrivers__gpio.a(gpio_stm32.c.obj)
 .rodata.gpio_stm32_init.str1.1
                0x00000000080066fc        0x9 zephyr/drivers/gpio/libdrivers__gpio.a(gpio_stm32.c.obj)
 .rodata.str1.1
                0x00000000080066fc       0x30 zephyr/drivers/gpio/libdrivers__gpio.a(gpio_stm32.c.obj)
 .rodata.rtc_api
                0x000000000800672c       0x18 zephyr/drivers/rtc/libdrivers__rtc.a(rtc_ll_stm32.c.obj)
 .rodata.rtc_config
                0x0000000008006744       0x14 zephyr/drivers/rtc/libdrivers__rtc.a(rtc_ll_stm32.c.obj)
 .rodata.rtc_stm32_init.str1.1
                0x0000000008006758        0x9 zephyr/drivers/rtc/libdrivers__rtc.a(rtc_ll_stm32.c.obj)
 .rodata.str1.1
                0x0000000008006758        0x6 zephyr/drivers/rtc/libdrivers__rtc.a(rtc_ll_stm32.c.obj)
 .rodata.str1.1
                0x000000000800675e        0xe zephyr/drivers/serial/libdrivers__serial.a(uart_stm32.c.obj)
 *fill*         0x000000000800675e        0x2 
 .rodata.uart_stm32_cfg_USART_1
                0x0000000008006760       0x18 zephyr/drivers/serial/libdrivers__serial.a(uart_stm32.c.obj)
 .rodata.uart_stm32_cfg_USART_2
                0x0000000008006778       0x18 zephyr/drivers/serial/libdrivers__serial.a(uart_stm32.c.obj)
 .rodata.uart_stm32_driver_api
                0x0000000008006790       0x4c zephyr/drivers/serial/libdrivers__serial.a(uart_stm32.c.obj)
 .rodata.uart_stm32_init.str1.1
                0x00000000080067dc        0x9 zephyr/drivers/serial/libdrivers__serial.a(uart_stm32.c.obj)
 .rodata.config_levels.18510
                0x00000000080067dc       0x14 zephyr/kernel/libkernel.a(device.c.obj)
 .rodata._k_neg_eagain
                0x00000000080067f0        0x4 zephyr/kernel/libkernel.a(errno.c.obj)
                0x00000000080067f0                _k_neg_eagain
 .rodata._Cstart.str1.1
                0x00000000080067f4        0xa zephyr/kernel/libkernel.a(init.c.obj)
 *fill*         0x00000000080067fe        0x2 
 .rodata._idle_thread
                0x0000000008006800        0x4 zephyr/kernel/libkernel.a(init.c.obj)
                0x0000000008006800                _idle_thread
 .rodata.bg_thread_main.str1.1
                0x0000000008006804       0x3f zephyr/kernel/libkernel.a(init.c.obj)
 .rodata.str1.1
                0x0000000008006843        0x1 zephyr/kernel/libkernel.a(mempool.c.obj)
 *fill*         0x0000000008006843        0x1 
 .rodata.str1.4
                0x0000000008006844       0x53 /opt/zephyr-sdk/sysroots/armv5-zephyr-eabi/usr/lib/armv7e-m/libc.a(lib_a-tzset_r.o)
 .rodata.str1.4
                0x0000000008006897        0x4 /opt/zephyr-sdk/sysroots/armv5-zephyr-eabi/usr/lib/armv7e-m/libc.a(lib_a-tzvars.o)
 *fill*         0x0000000008006897        0x1 
 .rodata.str1.4
                0x0000000008006898        0x2 /opt/zephyr-sdk/sysroots/armv5-zephyr-eabi/usr/lib/armv7e-m/libc.a(lib_a-impure.o)
 *fill*         0x000000000800689a        0x2 
 .rodata.str1.4
                0x000000000800689c        0x4 /opt/zephyr-sdk/sysroots/armv5-zephyr-eabi/usr/lib/armv7e-m/libc.a(lib_a-nano-svfscanf.o)
 .rodata.str1.4
                0x00000000080068a0       0x20 /opt/zephyr-sdk/sysroots/armv5-zephyr-eabi/usr/lib/armv7e-m/libc.a(lib_a-nano-vfscanf_i.o)
                                         0x1f (size before relaxing)
 *(.gnu.linkonce.r.*)
                0x00000000080068c0                . = ALIGN (0x4)
                0x00000000080068c0                _image_rodata_end = .
                0x00000000080068c0                _image_rom_end = .

.got            0x0000000020000000        0x0
 *(.got.plt)
 *(.igot.plt)
 .igot.plt      0x0000000020000000        0x0 zephyr/CMakeFiles/kernel_elf.dir/isr_tables.c.obj
 *(.got)
 *(.igot)
                0x0000000020000000                . = 0x20000000
                0x0000000020000000                . = ALIGN (_region_min_align)
                0x0000000020000000                _image_ram_start = .

bss             0x0000000020000000      0x33c
                0x0000000020000000                . = ALIGN (0x4)
                0x0000000020000000                __bss_start = .
                0x0000000020000000                __kernel_ram_start = .
 *(.bss)
 .bss           0x0000000020000000       0x1b /opt/zephyr-sdk/sysroots/armv5-zephyr-eabi/usr/lib/armv7e-m/libc.a(lib_a-tzset_r.o)
 *fill*         0x000000002000001b        0x1 
 .bss           0x000000002000001c        0x8 /opt/zephyr-sdk/sysroots/armv5-zephyr-eabi/usr/lib/armv7e-m/libc.a(lib_a-tzvars.o)
                0x000000002000001c                _timezone
                0x0000000020000020                _daylight
 .bss           0x0000000020000024        0x8 /opt/zephyr-sdk/sysroots/armv5-zephyr-eabi/usr/lib/armv7e-m/libc.a(lib_a-nano-mallocr.o)
                0x0000000020000024                __malloc_free_list
                0x0000000020000028                __malloc_sbrk_start
 .bss           0x000000002000002c        0x4 /opt/zephyr-sdk/sysroots/armv5-zephyr-eabi/usr/lib/armv7e-m/libc.a(lib_a-environ.o)
 *(.bss.*)
 .bss.modem_dev
                0x0000000020000030        0x4 app/libapp.a(main.c.obj)
                0x0000000020000030                modem_dev
 .bss.uart_console_dev
                0x0000000020000034        0x4 zephyr/libzephyr.a(uart_console.c.obj)
 .bss.exti_data
                0x0000000020000038      0x140 zephyr/libzephyr.a(exti_stm32.c.obj)
 .bss.announced_cycles
                0x0000000020000178        0x4 zephyr/libzephyr.a(cortex_m_systick.c.obj)
 .bss.ctrl_cache
                0x000000002000017c        0x4 zephyr/libzephyr.a(cortex_m_systick.c.obj)
 .bss.cycle_count
                0x0000000020000180        0x4 zephyr/libzephyr.a(cortex_m_systick.c.obj)
 .bss.last_load
                0x0000000020000184        0x4 zephyr/libzephyr.a(cortex_m_systick.c.obj)
 .bss.heap_sz   0x0000000020000188        0x4 zephyr/lib/libc/newlib/liblib__libc__newlib.a(libc-hooks.c.obj)
 .bss.gpio_stm32_data_a
                0x000000002000018c        0xc zephyr/drivers/gpio/libdrivers__gpio.a(gpio_stm32.c.obj)
 .bss.gpio_stm32_data_b
                0x0000000020000198        0xc zephyr/drivers/gpio/libdrivers__gpio.a(gpio_stm32.c.obj)
 .bss.gpio_stm32_data_c
                0x00000000200001a4        0xc zephyr/drivers/gpio/libdrivers__gpio.a(gpio_stm32.c.obj)
 .bss.gpio_stm32_data_d
                0x00000000200001b0        0xc zephyr/drivers/gpio/libdrivers__gpio.a(gpio_stm32.c.obj)
 .bss.gpio_stm32_data_e
                0x00000000200001bc        0xc zephyr/drivers/gpio/libdrivers__gpio.a(gpio_stm32.c.obj)
 .bss.gpio_stm32_data_f
                0x00000000200001c8        0xc zephyr/drivers/gpio/libdrivers__gpio.a(gpio_stm32.c.obj)
 .bss.gpio_stm32_data_g
                0x00000000200001d4        0xc zephyr/drivers/gpio/libdrivers__gpio.a(gpio_stm32.c.obj)
 .bss.gpio_stm32_data_h
                0x00000000200001e0        0xc zephyr/drivers/gpio/libdrivers__gpio.a(gpio_stm32.c.obj)
 .bss.rtc_data  0x00000000200001ec       0x14 zephyr/drivers/rtc/libdrivers__rtc.a(rtc_ll_stm32.c.obj)
 .bss.uart_stm32_data_USART_1
                0x0000000020000200        0xc zephyr/drivers/serial/libdrivers__serial.a(uart_stm32.c.obj)
 .bss.uart_stm32_data_USART_2
                0x000000002000020c        0xc zephyr/drivers/serial/libdrivers__serial.a(uart_stm32.c.obj)
 .bss._idle_thread_s
                0x0000000020000218       0x6c zephyr/kernel/libkernel.a(init.c.obj)
 .bss._main_thread_s
                0x0000000020000284       0x6c zephyr/kernel/libkernel.a(init.c.obj)
 .bss._kernel   0x00000000200002f0       0x2c zephyr/kernel/libkernel.a(sched.c.obj)
                0x00000000200002f0                _kernel
 .bss.slice_max_prio
                0x000000002000031c        0x4 zephyr/kernel/libkernel.a(sched.c.obj)
 .bss.slice_time
                0x0000000020000320        0x4 zephyr/kernel/libkernel.a(sched.c.obj)
 .bss.announce_remaining
                0x0000000020000324        0x4 zephyr/kernel/libkernel.a(timeout.c.obj)
 .bss.can_wait_forever
                0x0000000020000328        0x1 zephyr/kernel/libkernel.a(timeout.c.obj)
 *fill*         0x0000000020000329        0x7 
 .bss.curr_tick
                0x0000000020000330        0x8 zephyr/kernel/libkernel.a(timeout.c.obj)
 *(COMMON)
 COMMON         0x0000000020000338        0x4 /opt/zephyr-sdk/sysroots/armv5-zephyr-eabi/usr/lib/armv7e-m/libc.a(lib_a-reent.o)
                0x0000000020000338                errno
 *(.kernel_bss.*)
                0x000000002000033c                __bss_end = ALIGN (0x4)

noinit          0x0000000020000340      0xe40
 *(.noinit)
 *(.noinit.*)
 .noinit."../src/main.c".0
                0x0000000020000340      0x100 app/libapp.a(main.c.obj)
 .noinit."/home/parallels/zephyr/kernel/init.c".1
                0x0000000020000440      0x400 zephyr/kernel/libkernel.a(init.c.obj)
                0x0000000020000440                _main_stack
 .noinit."/home/parallels/zephyr/kernel/init.c".2
                0x0000000020000840      0x140 zephyr/kernel/libkernel.a(init.c.obj)
                0x0000000020000840                _idle_stack
 .noinit."/home/parallels/zephyr/kernel/init.c".3
                0x0000000020000980      0x800 zephyr/kernel/libkernel.a(init.c.obj)
                0x0000000020000980                _interrupt_stack
 *(.kernel_noinit.*)

datas           0x0000000020001180      0x30c load address 0x00000000080068c0
                0x0000000020001180                __data_ram_start = .
 *(.data)
 .data          0x0000000020001180        0x8 /opt/zephyr-sdk/sysroots/armv5-zephyr-eabi/usr/lib/armv7e-m/libc.a(lib_a-tzvars.o)
                0x0000000020001180                _tzname
 .data          0x0000000020001188       0x40 /opt/zephyr-sdk/sysroots/armv5-zephyr-eabi/usr/lib/armv7e-m/libc.a(lib_a-gettzinfo.o)
 .data          0x00000000200011c8      0x298 /opt/zephyr-sdk/sysroots/armv5-zephyr-eabi/usr/lib/armv7e-m/libc.a(lib_a-impure.o)
                0x00000000200011c8                _impure_ptr
 .data          0x0000000020001460        0x4 /opt/zephyr-sdk/sysroots/armv5-zephyr-eabi/usr/lib/armv7e-m/libc.a(lib_a-ctype_.o)
                0x0000000020001460                __ctype_ptr__
 .data          0x0000000020001464        0x4 /opt/zephyr-sdk/sysroots/armv5-zephyr-eabi/usr/lib/armv7e-m/libc.a(lib_a-environ.o)
                0x0000000020001464                environ
 *(.data.*)
 .data._char_out
                0x0000000020001468        0x4 zephyr/libzephyr.a(printk.c.obj)
                0x0000000020001468                _char_out
 .data.SystemCoreClock
                0x000000002000146c        0x4 zephyr/libzephyr.a(system_stm32l4xx.c.obj)
                0x000000002000146c                SystemCoreClock
 .data.stm32_clock_control_api
                0x0000000020001470        0xc zephyr/libzephyr.a(stm32_ll_clock.c.obj)
 .data._stdin_hook
                0x000000002000147c        0x4 zephyr/lib/libc/newlib/liblib__libc__newlib.a(libc-hooks.c.obj)
 .data._stdout_hook
                0x0000000020001480        0x4 zephyr/lib/libc/newlib/liblib__libc__newlib.a(libc-hooks.c.obj)
 .data.timeout_list
                0x0000000020001484        0x8 zephyr/kernel/libkernel.a(timeout.c.obj)
 *(.kernel.*)
                0x00000000080068c0                __data_rom_start = LOADADDR (datas)

initlevel       0x000000002000148c       0xe4 load address 0x0000000008006bcc
                0x000000002000148c                __device_init_start = .
                0x000000002000148c                __device_PRE_KERNEL_1_start = .
 *(SORT(.init_PRE_KERNEL_1[0-9]))
 .init_PRE_KERNEL_10
                0x000000002000148c        0xc zephyr/libzephyr.a(soc.c.obj)
 .init_PRE_KERNEL_11
                0x0000000020001498        0xc zephyr/libzephyr.a(stm32_ll_clock.c.obj)
 .init_PRE_KERNEL_12
                0x00000000200014a4        0xc zephyr/boards/arm/nucleo_l4r5zi/libboards__arm__nucleo_l4r5zi.a(pinmux.c.obj)
 *(SORT(.init_PRE_KERNEL_1[1-9][0-9]))
 .init_PRE_KERNEL_130
                0x00000000200014b0        0xc zephyr/kernel/libkernel.a(mempool.c.obj)
 .init_PRE_KERNEL_140
                0x00000000200014bc        0xc zephyr/arch/arm/core/cortex_m/mpu/libarch__arm__core__cortex_m__mpu.a(arm_mpu.c.obj)
 .init_PRE_KERNEL_150
                0x00000000200014c8        0xc zephyr/libzephyr.a(exti_stm32.c.obj)
 .init_PRE_KERNEL_150
                0x00000000200014d4        0xc zephyr/drivers/rtc/libdrivers__rtc.a(rtc_ll_stm32.c.obj)
 .init_PRE_KERNEL_150
                0x00000000200014e0       0x18 zephyr/drivers/serial/libdrivers__serial.a(uart_stm32.c.obj)
 .init_PRE_KERNEL_160
                0x00000000200014f8        0xc zephyr/libzephyr.a(uart_console.c.obj)
                0x0000000020001504                __device_PRE_KERNEL_2_start = .
 *(SORT(.init_PRE_KERNEL_2[0-9]))
 .init_PRE_KERNEL_20
                0x0000000020001504        0xc zephyr/libzephyr.a(sys_clock_init.c.obj)
 *(SORT(.init_PRE_KERNEL_2[1-9][0-9]))
                0x0000000020001510                __device_POST_KERNEL_start = .
 *(SORT(.init_POST_KERNEL[0-9]))
 *(SORT(.init_POST_KERNEL[1-9][0-9]))
 .init_POST_KERNEL40
                0x0000000020001510       0x60 zephyr/drivers/gpio/libdrivers__gpio.a(gpio_stm32.c.obj)
                0x0000000020001570                __device_APPLICATION_start = .
 *(SORT(.init_APPLICATION[0-9]))
 *(SORT(.init_APPLICATION[1-9][0-9]))
                0x0000000020001570                __device_init_end = .

initlevel_error
                0x000000002000148c        0x0
 *(SORT(.init_[_A-Z0-9]*))
                0x0000000000000001                ASSERT ((SIZEOF (initlevel_error) == 0x0), Undefined initialization levels used.)

initshell       0x0000000020001570        0x0 load address 0x0000000008006cb0
                0x0000000020001570                __shell_module_start = .
 *(.shell_module_*)
                0x0000000020001570                __shell_module_end = .
                0x0000000020001570                __shell_cmd_start = .
 *(.shell_cmd_*)
                0x0000000020001570                __shell_cmd_end = .

log_dynamic_sections
                0x0000000020001570        0x0 load address 0x0000000008006cb0
                0x0000000020001570                __log_dynamic_start = .
 *(SORT(.log_dynamic_*))
                0x0000000020001570                __log_dynamic_end = .

_static_thread_area
                0x0000000020001570        0x0 load address 0x0000000008006cb0
                0x0000000020001570                _static_thread_data_list_start = .
 *(SORT(._static_thread_data.static.*))
                0x0000000020001570                _static_thread_data_list_end = .

_k_timer_area   0x0000000020001570        0x0 load address 0x0000000008006cb0
                0x0000000020001570                _k_timer_list_start = .
 *(SORT(._k_timer.static.*))
                0x0000000020001570                _k_timer_list_end = .

_k_mem_slab_area
                0x0000000020001570        0x0 load address 0x0000000008006cb0
                0x0000000020001570                _k_mem_slab_list_start = .
 *(SORT(._k_mem_slab.static.*))
                0x0000000020001570                _k_mem_slab_list_end = .

_k_mem_pool_area
                0x0000000020001570        0x0 load address 0x0000000008006cb0
 *(SORT(._k_memory_pool.struct*))
                0x0000000020001570                _k_mem_pool_list_start = .
 *(SORT(._k_mem_pool.static.*))
                0x0000000020001570                _k_mem_pool_list_end = .

_k_sem_area     0x0000000020001570        0x0 load address 0x0000000008006cb0
                0x0000000020001570                _k_sem_list_start = .
 *(SORT(._k_sem.static.*))
                0x0000000020001570                _k_sem_list_end = .

_k_mutex_area   0x0000000020001570       0x14 load address 0x0000000008006cb0
                0x0000000020001570                _k_mutex_list_start = .
 *(SORT(._k_mutex.static.*))
 ._k_mutex.static.fdtable_lock
                0x0000000020001570       0x14 zephyr/libzephyr.a(fdtable.c.obj)
                0x0000000020001584                _k_mutex_list_end = .

_k_alert_area   0x0000000020001584        0x0 load address 0x0000000008006cc4
                0x0000000020001584                _k_alert_list_start = .
 *(SORT(._k_alert.static.*))
                0x0000000020001584                _k_alert_list_end = .

_k_queue_area   0x0000000020001584        0x0 load address 0x0000000008006cc4
                0x0000000020001584                _k_queue_list_start = .
 *(SORT(._k_queue.static.*))
                0x0000000020001584                _k_queue_list_end = .

_k_stack_area   0x0000000020001584        0x0 load address 0x0000000008006cc4
                0x0000000020001584                _k_stack_list_start = .
 *(SORT(._k_stack.static.*))
                0x0000000020001584                _k_stack_list_end = .

_k_msgq_area    0x0000000020001584       0x28 load address 0x0000000008006cc4
                0x0000000020001584                _k_msgq_list_start = .
 *(SORT(._k_msgq.static.*))
 ._k_msgq.static.modem_queue
                0x0000000020001584       0x28 app/libapp.a(main.c.obj)
                0x0000000020001584                modem_queue
                0x00000000200015ac                _k_msgq_list_end = .

_k_mbox_area    0x00000000200015ac        0x0 load address 0x0000000008006cec
                0x00000000200015ac                _k_mbox_list_start = .
 *(SORT(._k_mbox.static.*))
                0x00000000200015ac                _k_mbox_list_end = .

_k_pipe_area    0x00000000200015ac        0x0 load address 0x0000000008006cec
                0x00000000200015ac                _k_pipe_list_start = .
 *(SORT(._k_pipe.static.*))
                0x00000000200015ac                _k_pipe_list_end = .

_k_task_list    0x00000000200015ac        0x0 load address 0x0000000008006cec
                0x00000000200015ac                _k_task_list_start = .
 *(._k_task_list.public.*)
 *(._k_task_list.private.*)
                0x00000000200015ac                _k_task_list_idle_start = .
 *(._k_task_list.idle.*)
 *(SORT(._k_task_list*))
                0x00000000200015ac                _k_task_list_end = .

_k_event_list   0x00000000200015ac        0x0 load address 0x0000000008006cec
                0x00000000200015ac                _k_event_list_start = .
 *(._k_event_list.event.*)
 *(SORT(._k_event_list*))
                0x00000000200015ac                _k_event_list_end = .

_k_memory_pool  0x00000000200015ac        0x0 load address 0x0000000008006cec
 *(._k_memory_pool.struct*)
 *(SORT(._k_memory_pool.struct*))
                0x00000000200015ac                _k_mem_pool_start = .
 *(._k_memory_pool.*)
 *(SORT(._k_memory_pool*))
                0x00000000200015ac                _k_mem_pool_end = .

_net_buf_pool_area
                0x00000000200015ac        0x0 load address 0x0000000008006cec
                0x00000000200015ac                _net_buf_pool_list = .
 *(SORT(._net_buf_pool.static.*))

net_if          0x00000000200015ac        0x0 load address 0x0000000008006cec
                0x00000000200015ac                __net_if_start = .
 *(.net_if.*)
 *(SORT(.net_if.*))
                0x00000000200015ac                __net_if_end = .

net_if_dev      0x00000000200015ac        0x0 load address 0x0000000008006cec
                0x00000000200015ac                __net_if_dev_start = .
 *(.net_if_dev.*)
 *(SORT(.net_if_dev.*))
                0x00000000200015ac                __net_if_dev_end = .

net_l2_data     0x00000000200015ac        0x0 load address 0x0000000008006cec
                0x00000000200015ac                __net_l2_data_start = .
 *(.net_l2.data)
 *(SORT(.net_l2.data*))
                0x00000000200015ac                __net_l2_data_end = .

priv_stacks_noinit
 *(.priv_stacks.noinit)
                0x00000000200015ac                __data_ram_end = .
                0x00000000200015ac                _image_ram_end = .
                0x00000000200015ac                _end = .
                0x00000000200a0000                __kernel_ram_end = 0x200a0000
                0x00000000000a0000                __kernel_ram_size = (__kernel_ram_end - __kernel_ram_start)

/DISCARD/
 *(.irq_info)
 *(.intList)

.stab
 *(.stab)

.stabstr
 *(.stabstr)

.stab.excl
 *(.stab.excl)

.stab.exclstr
 *(.stab.exclstr)

.stab.index
 *(.stab.index)

.stab.indexstr
 *(.stab.indexstr)

.comment        0x0000000000000000       0x11
 *(.comment)
 .comment       0x0000000000000000       0x11 zephyr/CMakeFiles/kernel_elf.dir/misc/empty_file.c.obj
                                         0x12 (size before relaxing)
 .comment       0x0000000000000011       0x12 zephyr/CMakeFiles/kernel_elf.dir/isr_tables.c.obj
 .comment       0x0000000000000011       0x12 app/libapp.a(main.c.obj)
 .comment       0x0000000000000011       0x12 zephyr/libzephyr.a(isr_tables.c.obj)
 .comment       0x0000000000000011       0x12 zephyr/libzephyr.a(sw_isr_common.c.obj)
 .comment       0x0000000000000011       0x12 zephyr/libzephyr.a(thread_entry.c.obj)
 .comment       0x0000000000000011       0x12 zephyr/libzephyr.a(work_q.c.obj)
 .comment       0x0000000000000011       0x12 zephyr/libzephyr.a(fdtable.c.obj)
 .comment       0x0000000000000011       0x12 zephyr/libzephyr.a(crc32_sw.c.obj)
 .comment       0x0000000000000011       0x12 zephyr/libzephyr.a(crc16_sw.c.obj)
 .comment       0x0000000000000011       0x12 zephyr/libzephyr.a(crc8_sw.c.obj)
 .comment       0x0000000000000011       0x12 zephyr/libzephyr.a(mempool.c.obj)
 .comment       0x0000000000000011       0x12 zephyr/libzephyr.a(rb.c.obj)
 .comment       0x0000000000000011       0x12 zephyr/libzephyr.a(printk.c.obj)
 .comment       0x0000000000000011       0x12 zephyr/libzephyr.a(configs.c.obj)
 .comment       0x0000000000000011       0x12 zephyr/libzephyr.a(soc.c.obj)
 .comment       0x0000000000000011       0x12 zephyr/libzephyr.a(soc_gpio.c.obj)
 .comment       0x0000000000000011       0x12 zephyr/libzephyr.a(arm_mpu_regions.c.obj)
 .comment       0x0000000000000011       0x12 zephyr/libzephyr.a(stm32cube_hal.c.obj)
 .comment       0x0000000000000011       0x12 zephyr/libzephyr.a(system_stm32l4xx.c.obj)
 .comment       0x0000000000000011       0x12 zephyr/libzephyr.a(stm32l4xx_hal.c.obj)
 .comment       0x0000000000000011       0x12 zephyr/libzephyr.a(stm32l4xx_hal_rcc.c.obj)
 .comment       0x0000000000000011       0x12 zephyr/libzephyr.a(stm32l4xx_ll_exti.c.obj)
 .comment       0x0000000000000011       0x12 zephyr/libzephyr.a(stm32l4xx_ll_pwr.c.obj)
 .comment       0x0000000000000011       0x12 zephyr/libzephyr.a(stm32l4xx_ll_rcc.c.obj)
 .comment       0x0000000000000011       0x12 zephyr/libzephyr.a(stm32l4xx_ll_rtc.c.obj)
 .comment       0x0000000000000011       0x12 zephyr/libzephyr.a(stm32l4xx_ll_utils.c.obj)
 .comment       0x0000000000000011       0x12 zephyr/libzephyr.a(sys_log.c.obj)
 .comment       0x0000000000000011       0x12 zephyr/libzephyr.a(uart_console.c.obj)
 .comment       0x0000000000000011       0x12 zephyr/libzephyr.a(exti_stm32.c.obj)
 .comment       0x0000000000000011       0x12 zephyr/libzephyr.a(stm32_ll_clock.c.obj)
 .comment       0x0000000000000011       0x12 zephyr/libzephyr.a(stm32l4x_ll_clock.c.obj)
 .comment       0x0000000000000011       0x12 zephyr/libzephyr.a(pinmux_stm32.c.obj)
 .comment       0x0000000000000011       0x12 zephyr/libzephyr.a(sys_clock_init.c.obj)
 .comment       0x0000000000000011       0x12 zephyr/libzephyr.a(cortex_m_systick.c.obj)
 .comment       0x0000000000000011       0x12 zephyr/arch/arm/core/libarch__arm__core.a(irq_init.c.obj)
 .comment       0x0000000000000011       0x12 zephyr/arch/arm/core/libarch__arm__core.a(swap.c.obj)
 .comment       0x0000000000000011       0x12 zephyr/arch/arm/core/libarch__arm__core.a(fault.c.obj)
 .comment       0x0000000000000011       0x12 zephyr/arch/arm/core/libarch__arm__core.a(irq_manage.c.obj)
 .comment       0x0000000000000011       0x12 zephyr/arch/arm/core/libarch__arm__core.a(thread.c.obj)
 .comment       0x0000000000000011       0x12 zephyr/arch/arm/core/libarch__arm__core.a(fatal.c.obj)
 .comment       0x0000000000000011       0x12 zephyr/arch/arm/core/libarch__arm__core.a(sys_fatal_error_handler.c.obj)
 .comment       0x0000000000000011       0x12 zephyr/arch/arm/core/libarch__arm__core.a(thread_abort.c.obj)
 .comment       0x0000000000000011       0x12 zephyr/arch/arm/core/cortex_m/libarch__arm__core__cortex_m.a(prep_c.c.obj)
 .comment       0x0000000000000011       0x12 zephyr/arch/arm/core/cortex_m/libarch__arm__core__cortex_m.a(scb.c.obj)
 .comment       0x0000000000000011       0x12 zephyr/arch/arm/core/cortex_m/libarch__arm__core__cortex_m.a(nmi.c.obj)
 .comment       0x0000000000000011       0x12 zephyr/arch/arm/core/cortex_m/libarch__arm__core__cortex_m.a(exc_manage.c.obj)
 .comment       0x0000000000000011       0x12 zephyr/arch/arm/core/cortex_m/mpu/libarch__arm__core__cortex_m__mpu.a(arm_core_mpu.c.obj)
 .comment       0x0000000000000011       0x12 zephyr/arch/arm/core/cortex_m/mpu/libarch__arm__core__cortex_m__mpu.a(arm_mpu.c.obj)
 .comment       0x0000000000000011       0x12 zephyr/lib/libc/newlib/liblib__libc__newlib.a(libc-hooks.c.obj)
 .comment       0x0000000000000011       0x12 zephyr/boards/arm/nucleo_l4r5zi/libboards__arm__nucleo_l4r5zi.a(pinmux.c.obj)
 .comment       0x0000000000000011       0x12 zephyr/drivers/gpio/libdrivers__gpio.a(gpio_stm32.c.obj)
 .comment       0x0000000000000011       0x12 zephyr/drivers/rtc/libdrivers__rtc.a(rtc_ll_stm32.c.obj)
 .comment       0x0000000000000011       0x12 zephyr/drivers/serial/libdrivers__serial.a(uart_stm32.c.obj)
 .comment       0x0000000000000011       0x12 zephyr/kernel/libkernel.a(device.c.obj)
 .comment       0x0000000000000011       0x12 zephyr/kernel/libkernel.a(errno.c.obj)
 .comment       0x0000000000000011       0x12 zephyr/kernel/libkernel.a(init.c.obj)
 .comment       0x0000000000000011       0x12 zephyr/kernel/libkernel.a(msg_q.c.obj)
 .comment       0x0000000000000011       0x12 zephyr/kernel/libkernel.a(mutex.c.obj)
 .comment       0x0000000000000011       0x12 zephyr/kernel/libkernel.a(queue.c.obj)
 .comment       0x0000000000000011       0x12 zephyr/kernel/libkernel.a(sched.c.obj)
 .comment       0x0000000000000011       0x12 zephyr/kernel/libkernel.a(sem.c.obj)
 .comment       0x0000000000000011       0x12 zephyr/kernel/libkernel.a(thread.c.obj)
 .comment       0x0000000000000011       0x12 zephyr/kernel/libkernel.a(timeout.c.obj)
 .comment       0x0000000000000011       0x12 zephyr/kernel/libkernel.a(idle.c.obj)
 .comment       0x0000000000000011       0x12 zephyr/kernel/libkernel.a(mempool.c.obj)
 .comment       0x0000000000000011       0x12 zephyr/CMakeFiles/offsets.dir/arch/arm/core/offsets/offsets.c.obj
 .comment       0x0000000000000011       0x12 /opt/zephyr-sdk/sysroots/armv5-zephyr-eabi/usr/lib/arm-zephyr-eabi/6.2.0/armv7e-m/libgcc.a(_udivmoddi4.o)
 .comment       0x0000000000000011       0x12 /opt/zephyr-sdk/sysroots/armv5-zephyr-eabi/usr/lib/armv7e-m/libc.a(lib_a-gmtime_r.o)
 .comment       0x0000000000000011       0x12 /opt/zephyr-sdk/sysroots/armv5-zephyr-eabi/usr/lib/armv7e-m/libc.a(lib_a-memset.o)
 .comment       0x0000000000000011       0x12 /opt/zephyr-sdk/sysroots/armv5-zephyr-eabi/usr/lib/armv7e-m/libc.a(lib_a-mktime.o)
 .comment       0x0000000000000011       0x12 /opt/zephyr-sdk/sysroots/armv5-zephyr-eabi/usr/lib/armv7e-m/libc.a(lib_a-tzcalc_limits.o)
 .comment       0x0000000000000011       0x12 /opt/zephyr-sdk/sysroots/armv5-zephyr-eabi/usr/lib/armv7e-m/libc.a(lib_a-tzlock.o)
 .comment       0x0000000000000011       0x12 /opt/zephyr-sdk/sysroots/armv5-zephyr-eabi/usr/lib/armv7e-m/libc.a(lib_a-tzset.o)
 .comment       0x0000000000000011       0x12 /opt/zephyr-sdk/sysroots/armv5-zephyr-eabi/usr/lib/armv7e-m/libc.a(lib_a-tzset_r.o)
 .comment       0x0000000000000011       0x12 /opt/zephyr-sdk/sysroots/armv5-zephyr-eabi/usr/lib/armv7e-m/libc.a(lib_a-tzvars.o)
 .comment       0x0000000000000011       0x12 /opt/zephyr-sdk/sysroots/armv5-zephyr-eabi/usr/lib/armv7e-m/libc.a(lib_a-div.o)
 .comment       0x0000000000000011       0x12 /opt/zephyr-sdk/sysroots/armv5-zephyr-eabi/usr/lib/armv7e-m/libc.a(lib_a-getenv_r.o)
 .comment       0x0000000000000011       0x12 /opt/zephyr-sdk/sysroots/armv5-zephyr-eabi/usr/lib/armv7e-m/libc.a(lib_a-gettzinfo.o)
 .comment       0x0000000000000011       0x12 /opt/zephyr-sdk/sysroots/armv5-zephyr-eabi/usr/lib/armv7e-m/libc.a(lib_a-impure.o)
 .comment       0x0000000000000011       0x12 /opt/zephyr-sdk/sysroots/armv5-zephyr-eabi/usr/lib/armv7e-m/libc.a(lib_a-malloc.o)
 .comment       0x0000000000000011       0x12 /opt/zephyr-sdk/sysroots/armv5-zephyr-eabi/usr/lib/armv7e-m/libc.a(lib_a-month_lengths.o)
 .comment       0x0000000000000011       0x12 /opt/zephyr-sdk/sysroots/armv5-zephyr-eabi/usr/lib/armv7e-m/libc.a(lib_a-nano-freer.o)
 .comment       0x0000000000000011       0x12 /opt/zephyr-sdk/sysroots/armv5-zephyr-eabi/usr/lib/armv7e-m/libc.a(lib_a-nano-mallocr.o)
 .comment       0x0000000000000011       0x12 /opt/zephyr-sdk/sysroots/armv5-zephyr-eabi/usr/lib/armv7e-m/libc.a(lib_a-sbrkr.o)
 .comment       0x0000000000000011       0x12 /opt/zephyr-sdk/sysroots/armv5-zephyr-eabi/usr/lib/armv7e-m/libc.a(lib_a-sscanf.o)
 .comment       0x0000000000000011       0x12 /opt/zephyr-sdk/sysroots/armv5-zephyr-eabi/usr/lib/armv7e-m/libc.a(lib_a-stdio.o)
 .comment       0x0000000000000011       0x12 /opt/zephyr-sdk/sysroots/armv5-zephyr-eabi/usr/lib/armv7e-m/libc.a(lib_a-strcpy.o)
 .comment       0x0000000000000011       0x12 /opt/zephyr-sdk/sysroots/armv5-zephyr-eabi/usr/lib/armv7e-m/libc.a(lib_a-strncmp.o)
 .comment       0x0000000000000011       0x12 /opt/zephyr-sdk/sysroots/armv5-zephyr-eabi/usr/lib/armv7e-m/libc.a(lib_a-strtoul.o)
 .comment       0x0000000000000011       0x12 /opt/zephyr-sdk/sysroots/armv5-zephyr-eabi/usr/lib/armv7e-m/libc.a(lib_a-writer.o)
 .comment       0x0000000000000011       0x12 /opt/zephyr-sdk/sysroots/armv5-zephyr-eabi/usr/lib/armv7e-m/libc.a(lib_a-closer.o)
 .comment       0x0000000000000011       0x12 /opt/zephyr-sdk/sysroots/armv5-zephyr-eabi/usr/lib/armv7e-m/libc.a(lib_a-ctype_.o)
 .comment       0x0000000000000011       0x12 /opt/zephyr-sdk/sysroots/armv5-zephyr-eabi/usr/lib/armv7e-m/libc.a(lib_a-environ.o)
 .comment       0x0000000000000011       0x12 /opt/zephyr-sdk/sysroots/armv5-zephyr-eabi/usr/lib/armv7e-m/libc.a(lib_a-envlock.o)
 .comment       0x0000000000000011       0x12 /opt/zephyr-sdk/sysroots/armv5-zephyr-eabi/usr/lib/armv7e-m/libc.a(lib_a-lseekr.o)
 .comment       0x0000000000000011       0x12 /opt/zephyr-sdk/sysroots/armv5-zephyr-eabi/usr/lib/armv7e-m/libc.a(lib_a-nano-svfscanf.o)
 .comment       0x0000000000000011       0x12 /opt/zephyr-sdk/sysroots/armv5-zephyr-eabi/usr/lib/armv7e-m/libc.a(lib_a-nano-vfscanf_i.o)
 .comment       0x0000000000000011       0x12 /opt/zephyr-sdk/sysroots/armv5-zephyr-eabi/usr/lib/armv7e-m/libc.a(lib_a-readr.o)
 .comment       0x0000000000000011       0x12 /opt/zephyr-sdk/sysroots/armv5-zephyr-eabi/usr/lib/armv7e-m/libc.a(lib_a-reent.o)
 .comment       0x0000000000000011       0x12 /opt/zephyr-sdk/sysroots/armv5-zephyr-eabi/usr/lib/armv7e-m/libc.a(lib_a-sccl.o)
 .comment       0x0000000000000011       0x12 /opt/zephyr-sdk/sysroots/armv5-zephyr-eabi/usr/lib/armv7e-m/libc.a(lib_a-strtol.o)
 .comment       0x0000000000000011       0x12 /opt/zephyr-sdk/sysroots/armv5-zephyr-eabi/usr/lib/armv7e-m/libc.a(lib_a-ungetc.o)
 .comment       0x0000000000000011       0x12 /opt/zephyr-sdk/sysroots/armv5-zephyr-eabi/usr/lib/armv7e-m/libc.a(lib_a-fflush.o)
 .comment       0x0000000000000011       0x12 /opt/zephyr-sdk/sysroots/armv5-zephyr-eabi/usr/lib/armv7e-m/libc.a(lib_a-findfp.o)
 .comment       0x0000000000000011       0x12 /opt/zephyr-sdk/sysroots/armv5-zephyr-eabi/usr/lib/armv7e-m/libc.a(lib_a-fwalk.o)
 .comment       0x0000000000000011       0x12 /opt/zephyr-sdk/sysroots/armv5-zephyr-eabi/usr/lib/armv7e-m/libc.a(lib_a-nano-reallocr.o)
 .comment       0x0000000000000011       0x12 /opt/zephyr-sdk/sysroots/armv5-zephyr-eabi/usr/lib/armv7e-m/libc.a(lib_a-nano-msizer.o)

.debug
 *(.debug)

.line
 *(.line)

.debug_srcinfo
 *(.debug_srcinfo)

.debug_sfnames
 *(.debug_sfnames)

.debug_aranges  0x0000000000000000     0x19f0
 *(.debug_aranges)
 .debug_aranges
                0x0000000000000000       0x18 zephyr/CMakeFiles/kernel_elf.dir/isr_tables.c.obj
 .debug_aranges
                0x0000000000000018       0x48 app/libapp.a(main.c.obj)
 .debug_aranges
                0x0000000000000060       0x18 zephyr/libzephyr.a(isr_tables.c.obj)
 .debug_aranges
                0x0000000000000078       0x18 zephyr/libzephyr.a(sw_isr_common.c.obj)
 .debug_aranges
                0x0000000000000090       0x20 zephyr/libzephyr.a(thread_entry.c.obj)
 .debug_aranges
                0x00000000000000b0       0x28 zephyr/libzephyr.a(work_q.c.obj)
 .debug_aranges
                0x00000000000000d8       0x48 zephyr/libzephyr.a(fdtable.c.obj)
 .debug_aranges
                0x0000000000000120       0x28 zephyr/libzephyr.a(crc32_sw.c.obj)
 .debug_aranges
                0x0000000000000148       0x30 zephyr/libzephyr.a(crc16_sw.c.obj)
 .debug_aranges
                0x0000000000000178       0x20 zephyr/libzephyr.a(crc8_sw.c.obj)
 .debug_aranges
                0x0000000000000198       0x58 zephyr/libzephyr.a(mempool.c.obj)
 .debug_aranges
                0x00000000000001f0       0x80 zephyr/libzephyr.a(rb.c.obj)
 .debug_aranges
                0x0000000000000270       0x78 zephyr/libzephyr.a(printk.c.obj)
 .debug_aranges
                0x00000000000002e8       0x20 zephyr/libzephyr.a(configs.c.obj)
 .debug_aranges
                0x0000000000000308       0x20 zephyr/libzephyr.a(soc.c.obj)
 .debug_aranges
                0x0000000000000328       0x40 zephyr/libzephyr.a(soc_gpio.c.obj)
 .debug_aranges
                0x0000000000000368       0x18 zephyr/libzephyr.a(arm_mpu_regions.c.obj)
 .debug_aranges
                0x0000000000000380       0x28 zephyr/libzephyr.a(stm32cube_hal.c.obj)
 .debug_aranges
                0x00000000000003a8       0x28 zephyr/libzephyr.a(system_stm32l4xx.c.obj)
 .debug_aranges
                0x00000000000003d0      0x108 zephyr/libzephyr.a(stm32l4xx_hal.c.obj)
 .debug_aranges
                0x00000000000004d8       0x88 zephyr/libzephyr.a(stm32l4xx_hal_rcc.c.obj)
 .debug_aranges
                0x0000000000000560       0x30 zephyr/libzephyr.a(stm32l4xx_ll_exti.c.obj)
 .debug_aranges
                0x0000000000000590       0x20 zephyr/libzephyr.a(stm32l4xx_ll_pwr.c.obj)
 .debug_aranges
                0x00000000000005b0      0x130 zephyr/libzephyr.a(stm32l4xx_ll_rcc.c.obj)
 .debug_aranges
                0x00000000000006e0       0x80 zephyr/libzephyr.a(stm32l4xx_ll_rtc.c.obj)
 .debug_aranges
                0x0000000000000760       0x70 zephyr/libzephyr.a(stm32l4xx_ll_utils.c.obj)
 .debug_aranges
                0x00000000000007d0       0x28 zephyr/libzephyr.a(sys_log.c.obj)
 .debug_aranges
                0x00000000000007f8       0x30 zephyr/libzephyr.a(uart_console.c.obj)
 .debug_aranges
                0x0000000000000828       0x88 zephyr/libzephyr.a(exti_stm32.c.obj)
 .debug_aranges
                0x00000000000008b0       0x38 zephyr/libzephyr.a(stm32_ll_clock.c.obj)
 .debug_aranges
                0x00000000000008e8       0x28 zephyr/libzephyr.a(stm32l4x_ll_clock.c.obj)
 .debug_aranges
                0x0000000000000910       0x28 zephyr/libzephyr.a(pinmux_stm32.c.obj)
 .debug_aranges
                0x0000000000000938       0x38 zephyr/libzephyr.a(sys_clock_init.c.obj)
 .debug_aranges
                0x0000000000000970       0x58 zephyr/libzephyr.a(cortex_m_systick.c.obj)
 .debug_aranges
                0x00000000000009c8       0x20 zephyr/arch/arm/core/libarch__arm__core.a(exc_exit.S.obj)
 .debug_aranges
                0x00000000000009e8       0x20 zephyr/arch/arm/core/libarch__arm__core.a(irq_init.c.obj)
 .debug_aranges
                0x0000000000000a08       0x20 zephyr/arch/arm/core/libarch__arm__core.a(swap.c.obj)
 .debug_aranges
                0x0000000000000a28       0x28 zephyr/arch/arm/core/libarch__arm__core.a(swap_helper.S.obj)
 .debug_aranges
                0x0000000000000a50       0x40 zephyr/arch/arm/core/libarch__arm__core.a(fault.c.obj)
 .debug_aranges
                0x0000000000000a90       0x48 zephyr/arch/arm/core/libarch__arm__core.a(irq_manage.c.obj)
 .debug_aranges
                0x0000000000000ad8       0x20 zephyr/arch/arm/core/libarch__arm__core.a(thread.c.obj)
 .debug_aranges
                0x0000000000000af8       0x30 zephyr/arch/arm/core/libarch__arm__core.a(cpu_idle.S.obj)
 .debug_aranges
                0x0000000000000b28       0x20 zephyr/arch/arm/core/libarch__arm__core.a(fault_s.S.obj)
 .debug_aranges
                0x0000000000000b48       0x30 zephyr/arch/arm/core/libarch__arm__core.a(fatal.c.obj)
 .debug_aranges
                0x0000000000000b78       0x20 zephyr/arch/arm/core/libarch__arm__core.a(sys_fatal_error_handler.c.obj)
 .debug_aranges
                0x0000000000000b98       0x20 zephyr/arch/arm/core/libarch__arm__core.a(thread_abort.c.obj)
 .debug_aranges
                0x0000000000000bb8       0x20 zephyr/arch/arm/core/libarch__arm__core.a(isr_wrapper.S.obj)
 .debug_aranges
                0x0000000000000bd8       0x20 zephyr/arch/arm/core/cortex_m/libarch__arm__core__cortex_m.a(reset.S.obj)
 .debug_aranges
                0x0000000000000bf8       0x20 zephyr/arch/arm/core/cortex_m/libarch__arm__core__cortex_m.a(nmi_on_reset.S.obj)
 .debug_aranges
                0x0000000000000c18       0x20 zephyr/arch/arm/core/cortex_m/libarch__arm__core__cortex_m.a(prep_c.c.obj)
 .debug_aranges
                0x0000000000000c38       0x20 zephyr/arch/arm/core/cortex_m/libarch__arm__core__cortex_m.a(scb.c.obj)
 .debug_aranges
                0x0000000000000c58       0x20 zephyr/arch/arm/core/cortex_m/libarch__arm__core__cortex_m.a(nmi.c.obj)
 .debug_aranges
                0x0000000000000c78       0x20 zephyr/arch/arm/core/cortex_m/libarch__arm__core__cortex_m.a(exc_manage.c.obj)
 .debug_aranges
                0x0000000000000c98       0x18 zephyr/arch/arm/core/cortex_m/mpu/libarch__arm__core__cortex_m__mpu.a(arm_core_mpu.c.obj)
 .debug_aranges
                0x0000000000000cb0       0x30 zephyr/arch/arm/core/cortex_m/mpu/libarch__arm__core__cortex_m__mpu.a(arm_mpu.c.obj)
 .debug_aranges
                0x0000000000000ce0       0xa8 zephyr/lib/libc/newlib/liblib__libc__newlib.a(libc-hooks.c.obj)
 .debug_aranges
                0x0000000000000d88       0x20 zephyr/boards/arm/nucleo_l4r5zi/libboards__arm__nucleo_l4r5zi.a(pinmux.c.obj)
 .debug_aranges
                0x0000000000000da8       0x58 zephyr/drivers/gpio/libdrivers__gpio.a(gpio_stm32.c.obj)
 .debug_aranges
                0x0000000000000e00       0x58 zephyr/drivers/rtc/libdrivers__rtc.a(rtc_ll_stm32.c.obj)
 .debug_aranges
                0x0000000000000e58       0xb0 zephyr/drivers/serial/libdrivers__serial.a(uart_stm32.c.obj)
 .debug_aranges
                0x0000000000000f08       0x30 zephyr/kernel/libkernel.a(device.c.obj)
 .debug_aranges
                0x0000000000000f38       0x20 zephyr/kernel/libkernel.a(errno.c.obj)
 .debug_aranges
                0x0000000000000f58       0x48 zephyr/kernel/libkernel.a(init.c.obj)
 .debug_aranges
                0x0000000000000fa0       0x60 zephyr/kernel/libkernel.a(msg_q.c.obj)
 .debug_aranges
                0x0000000000001000       0x30 zephyr/kernel/libkernel.a(mutex.c.obj)
 .debug_aranges